VBCSCompilerPreWarmer: pre-warm launched (dotnet PID 19624)
VBCSCompiler prewarm took 13.98 ms
.. is not a valid directory name. Please make sure there are no unallowed characters in the name.
.. is not a valid directory name. Please make sure there are no unallowed characters in the name.
[Licensing::Module] Trying to connect to existing licensing client channel...
Built from '6000.6/respin/6000.6.0f1-fa21a270ab12' branch; Version is '6000.6.0f1 (f7f8ed4d1e24) revision 16251117'; Using compiler version '194234433'; Build Type 'Release'
[Licensing::IpcConnector] Channel LicenseClient-Tisan doesn't exist
OS: 'Windows 11  (10.0.26200) CoreSingleLanguage' Language: 'en' Physical Memory: 24313 MB
BatchMode: 1, IsHumanControllingUs: 0, StartBugReporterOnCrash: 0, Is64bit: 1
System  architecture: x64
Process architecture: x64
Date: 2026-09-15T19:00:02Z
[Licensing::Module] Successfully launched the LicensingClient (PId: 584)

COMMAND LINE ARGUMENTS:
C:\Program Files\Unity\Hub\Editor\6000.6.0f1\Editor\Unity.exe
-batchmode
-nographics
-quit
-projectPath
C:/Users/Tisan/Documents/Xtinex/goti_striker/goti_striker
-executeMethod
PitStriker.EditorTools.BuildAPK.BuildAndroidPlayerBatch
-logFile
../apk_ground.log
Successfully changed project path to: C:/Users/Tisan/Documents/Xtinex/goti_striker/goti_striker
C:/Users/Tisan/Documents/Xtinex/goti_striker/goti_striker
[UnityMemory] Configuration Parameters - Can be set up in boot.config
    "memorysetup-temp-allocator-size-gi-baking-worker=262144"
    "memorysetup-temp-allocator-size-gi-baking-worker=262144"
    "memorysetup-temp-allocator-size-gi-baking-worker=262144"
    "memorysetup-temp-allocator-size-gi-baking-worker=262144"
    "memorysetup-temp-allocator-size-gi-baking-worker=262144"
    "memorysetup-temp-allocator-size-nav-mesh-worker=65536"
    "memorysetup-temp-allocator-size-audio-worker=65536"
    "memorysetup-temp-allocator-size-cloud-worker=32768"
    "memorysetup-temp-allocator-size-gfx=262144"
    "memorysetup-remapper-allocator-initial-capacity=32768"
    "memorysetup-temp-allocator-size-preload-manager=33554432"
    "memorysetup-allocator-temp-initial-block-size-main=262144"
    "memorysetup-allocator-temp-initial-block-size-worker=262144"
    "memorysetup-temp-allocator-size-job-worker=262144"
    "memorysetup-temp-allocator-size-background-worker=32768"
    "memorysetup-bucket-allocator-granularity=16"
    "memorysetup-bucket-allocator-bucket-count=8"
    "memorysetup-bucket-allocator-block-size=33554432"
    "memorysetup-bucket-allocator-block-count=8"
    "memorysetup-main-allocator-block-size=16777216"
    "memorysetup-thread-allocator-block-size=16777216"
    "memorysetup-main-allocator-mimalloc-enabled=1"
    "memorysetup-gfx-main-allocator-block-size=16777216"
    "memorysetup-gfx-thread-allocator-block-size=16777216"
    "memorysetup-cache-allocator-block-size=4194304"
    "memorysetup-typetree-allocator-block-size=2097152"
    "memorysetup-profiler-bucket-allocator-granularity=16"
    "memorysetup-profiler-bucket-allocator-bucket-count=8"
    "memorysetup-profiler-bucket-allocator-block-size=33554432"
    "memorysetup-profiler-bucket-allocator-block-count=8"
    "memorysetup-profiler-allocator-block-size=16777216"
    "memorysetup-profiler-editor-allocator-block-size=1048576"
    "memorysetup-temp-allocator-size-main=16777216"
    "memorysetup-job-temp-allocator-block-size=2097152"
    "memorysetup-job-temp-allocator-block-size-background=1048576"
    "memorysetup-job-temp-allocator-reduction-small-platforms=262144"
Logging is directed to a specific file, skipping project log.
Player connection [22008]  Target information:

Player connection [22008]  * "[IP] 172.29.240.1 [Port] 55504 [Flags] 2 [Guid] 2607403858 [EditorId] 2607403858 [Version] 1048832 [Id] WindowsEditor(7,DESKTOP-NTI82OA) [Debug] 1 [PackageName] WindowsEditor [ProjectName] Editor" 

Player connection [22008]  * "[IP] 10.71.88.158 [Port] 55504 [Flags] 2 [Guid] 2607403858 [EditorId] 2607403858 [Version] 1048832 [Id] WindowsEditor(7,DESKTOP-NTI82OA) [Debug] 1 [PackageName] WindowsEditor [ProjectName] Editor" 

Player connection [22008] Host joined multi-casting on [225.0.0.222:54997]...
Player connection [22008] Host joined alternative multi-casting on [225.0.0.222:34997]...
Input System module state changed to: Initialized.
[Physics::Module] Initialized fallback backend.
[Physics::Module] Id: 0xdecafbad
Starting IPC server.
Waiting for clients to connect on \\.\pipe\Unity-LicenseClient-Tisan, press Ctrl-C to exit.
[Licensing::IpcConnector] Successfully connected to: "LicenseClient-Tisan" at "2026-09-15T19:00:03.109988Z"
[Licensing::Client] Code 10 while verifying Licensing Client signature (process Id: 584, path: "C:/Program Files/Unity/Hub/Editor/6000.6.0f1/Editor/Data/Resources/Licensing/Client/Unity.Licensing.Client.exe")
[Licensing::Module] LicensingClient has failed validation; ignoring
[Licensing::Client] Handshaking with LicensingClient:
  Version:                 1.18.3+d7ffd15
  Session Id:              26ce3613c68641499c052274b6ef95f6
  Correlation Id:          70eff387fc2c23ac7bc2337674368866
  External correlation Id: 5265157087097406806
  Machine Id:              T8TIqA846xQrPcolwcNU7OsCTL4=
[Licensing::Module] Successfully connected to LicensingClient on channel: "LicenseClient-Tisan" (connect: 0.86s, validation: 0.27s, handshake: 0.08s)
[Licensing::IpcConnector] Successfully connected to: "LicenseClient-Tisan-notifications" at "2026-09-15T19:00:03.4618816Z"
[Licensing::Module] Connected to LicensingClient (PId: 584, launch time: 0.01, total connection time: 1.21s)
[Licensing::Module] Error: Access token is unavailable; failed to update
[Package Manager] Connected to IPC stream "Upm-23660" after 0.6 seconds.
[Licensing::Module] Licensing is not yet initialized.
[Licensing::Client] Successfully resolved entitlement details
[Licensing::Module] License group:
  Id: 13469966418332-UnityPersXXXX
  Product: Unity Personal
  Type: Assigned
  Expiration: Unlimited
[Licensing::Client] Successfully updated license, isAsync: True, time: 0.02
[Licensing::Client] Successfully resolved entitlement details
[Licensing::Module] Licensing Background thread has ended after 1.30s
[Licensing::Module] Licensing is initialized (took 0.06s).
[Licensing::Client] Successfully resolved entitlement details
Library Redirect Path: Library/
Initialising UDS system complete:
  - System type: Client
  - Resource namespace: def0df64b04c6e7b133e3057794e46fd
  - Shared memory size: 1073741824
  - Command buffer id: 1052576
  - Command buffer size: 8192
  - Hashmap size: 4194304
  - Service connected: false
Launching Unity Data Store - C:/Program Files/Unity/Hub/Editor/6000.6.0f1/Editor/Data/Tools/Unity.DataStore.exe 
Unity Data Store artifact dir = Library/DataStore, working dir = C:/Users/Tisan/Documents/Xtinex/goti_striker/goti_striker[Physics::Module] Selected backend.
[Physics::Module] Name: PhysX
[Physics::Module] Id: 0xf2b8ea05
[Physics::Module] SDK Version: 4.1.2
[Physics::Module] Integration Version: 1.0.0
[Physics::Module] Threading Mode: Multi-Threaded
Unity Data Store running and initialised
[Licensing::Client] Successfully resolved entitlement details
Refreshing native plugins compatible for Editor in 4.33 ms, found 0 plugins.
Initialize engine version: 6000.6.0f1 (f7f8ed4d1e24)
[EntityIdStore] init: VM path (explicit commit), pageSize=4096, blockCount=1048576, entitiesPerBlock=256, slots reserved=4294967296 bytes
[Subsystems] Discovering subsystems at path C:/Program Files/Unity/Hub/Editor/6000.6.0f1/Editor/Data/Resources/UnitySubsystems
[Subsystems] Discovering subsystems at path C:/Users/Tisan/Documents/Xtinex/goti_striker/goti_striker/Assets
Forcing GfxDevice: Null
GfxDevice: creating device client; kGfxThreadingModeNonThreaded
NullGfxDevice:
    Version:  NULL 1.0 [1.0]
    Renderer: Null Device
    Vendor:   Unity Technologies
Initialize mono
Mono path[0] = 'C:/Program Files/Unity/Hub/Editor/6000.6.0f1/Editor/Data/Managed'
Mono path[1] = 'C:/Program Files/Unity/Hub/Editor/6000.6.0f1/Editor/Data/BCLExtensions/runtime/netstandard2.1'
Mono path[2] = 'C:/Program Files/Unity/Hub/Editor/6000.6.0f1/Editor/Data/MonoBleedingEdge/lib/mono/unityjit-win32'
Mono config path = 'C:/Program Files/Unity/Hub/Editor/6000.6.0f1/Editor/Data/MonoBleedingEdge/etc'
Using monoOptions --debugger-agent=transport=dt_socket,embedding=1,server=y,suspend=n,address=127.0.0.1:56660
CodeReloadManager initialized
ImportWorker Server TCP listen port: 0
AcceleratorClientConnectionCallback - disconnected - :0
Begin MonoManager ReloadAssembly
Registering precompiled unity dll's ...
Register platform support module: C:/Program Files/Unity/Hub/Editor/6000.6.0f1/Editor/Data/PlaybackEngines/WebGLSupport/UnityEditor.WebGL.Extensions.dll
Register platform support module: C:/Program Files/Unity/Hub/Editor/6000.6.0f1/Editor/Data/PlaybackEngines/WindowsStandaloneSupport/UnityEditor.WindowsStandalone.Extensions.dll
Register platform support module: C:/Program Files/Unity/Hub/Editor/6000.6.0f1/Editor/Data/PlaybackEngines/AndroidPlayer/UnityEditor.Android.Extensions.dll
Registered in 0.005371 seconds.
Native extension for Android target not found
Native extension for WindowsStandalone target not found
Native extension for WebGL target not found
Package Manager log level set to [2]
ScheduleIndexationOnStartup MainProcess:False IndexOnStartup:True
Scripting: successfully reloaded assembly
- Finished resetting the current domain, in  1.503 seconds
Domain Reload Profiling: 2877ms
	BeginReloadAssembly (253ms)
	RebuildCommonClasses (13ms)
	RebuildNativeTypeToScriptingClass (37ms)
	initialDomainReloadingComplete (145ms)
	LoadAllAssembliesAndSetupDomain (924ms)
		LoadAssemblies (246ms)
		TypeCache.Refresh (648ms)
			TypeCache.ScanAssembly (600ms)
		AnalyzeDomain (1ms)
	FinalizeReload (1505ms)
		SetupLoadedEditorAssemblies (0ms)
			LogAssemblyErrors (3ms)
			InitializePlatformSupportModulesInManaged (26ms)
			BeforeProcessingInitializeOnLoad (246ms)
			ProcessInitializeOnLoadAttributes (257ms)
			ProcessInitializeOnLoadMethodAttributes (569ms)
			EditorAssembliesLoaded (3ms)
[Licensing::Client] Successfully resolved entitlement details
[Licensing::Client] Successfully resolved entitlement details
Application.AssetDatabase Initial Refresh Start
[Package Manager] Restoring resolved packages state from cache
[Licensing::Client] Successfully resolved entitlement details
[Package Manager] Registered 78 packages:
  Packages from [https://packages.unity.com]:
    com.unity.ai.assistant@2.19.0-pre.2 (location: C:\Users\Tisan\Documents\Xtinex\goti_striker\goti_striker\Library\PackageCache\com.unity.ai.assistant@8d1e3e89e3a7)
    com.unity.ai.inference@2.6.1 (location: C:\Users\Tisan\Documents\Xtinex\goti_striker\goti_striker\Library\PackageCache\com.unity.ai.inference@9a123aee5df7)
    com.unity.ai.navigation@2.0.14 (location: C:\Users\Tisan\Documents\Xtinex\goti_striker\goti_striker\Library\PackageCache\com.unity.ai.navigation@134dd6a3b97b)
    com.unity.collab-proxy@2.13.6 (location: C:\Users\Tisan\Documents\Xtinex\goti_striker\goti_striker\Library\PackageCache\com.unity.collab-proxy@4628d2ba6ea4)
    com.unity.ide.rider@3.0.38 (location: C:\Users\Tisan\Documents\Xtinex\goti_striker\goti_striker\Library\PackageCache\com.unity.ide.rider@1f60b3138684)
    com.unity.ide.visualstudio@2.0.26 (location: C:\Users\Tisan\Documents\Xtinex\goti_striker\goti_striker\Library\PackageCache\com.unity.ide.visualstudio@a99d56dec63f)
    com.unity.inputsystem@1.20.0 (location: C:\Users\Tisan\Documents\Xtinex\goti_striker\goti_striker\Library\PackageCache\com.unity.inputsystem@7a4e1a2a8194)
    com.unity.netcode.gameobjects@2.13.2 (location: C:\Users\Tisan\Documents\Xtinex\goti_striker\goti_striker\Library\PackageCache\com.unity.netcode.gameobjects@cfd429cc91ec)
    com.unity.services.multiplayer@2.3.0 (location: C:\Users\Tisan\Documents\Xtinex\goti_striker\goti_striker\Library\PackageCache\com.unity.services.multiplayer@17f5d8518517)
    com.unity.visualscripting@1.9.12 (location: C:\Users\Tisan\Documents\Xtinex\goti_striker\goti_striker\Library\PackageCache\com.unity.visualscripting@4edfcc09512f)
    com.unity.services.qos@1.4.1 (location: C:\Users\Tisan\Documents\Xtinex\goti_striker\goti_striker\Library\PackageCache\com.unity.services.qos@03d4b52d4980)
    com.unity.services.core@1.18.0 (location: C:\Users\Tisan\Documents\Xtinex\goti_striker\goti_striker\Library\PackageCache\com.unity.services.core@3464cb68d709)
    com.unity.services.wire@1.5.0 (location: C:\Users\Tisan\Documents\Xtinex\goti_striker\goti_striker\Library\PackageCache\com.unity.services.wire@1e3b97d30fb3)
    com.unity.services.deployment@1.7.2 (location: C:\Users\Tisan\Documents\Xtinex\goti_striker\goti_striker\Library\PackageCache\com.unity.services.deployment@c07c64f9804b)
    com.unity.nuget.newtonsoft-json@3.2.2 (location: C:\Users\Tisan\Documents\Xtinex\goti_striker\goti_striker\Library\PackageCache\com.unity.nuget.newtonsoft-json@4dfd81071c64)
    com.unity.services.authentication@3.7.4 (location: C:\Users\Tisan\Documents\Xtinex\goti_striker\goti_striker\Library\PackageCache\com.unity.services.authentication@39eab783227c)
    com.unity.nuget.mono-cecil@1.11.6 (location: C:\Users\Tisan\Documents\Xtinex\goti_striker\goti_striker\Library\PackageCache\com.unity.nuget.mono-cecil@ecb9724e46ff)
    com.unity.mobile.android-logcat@1.4.7 (location: C:\Users\Tisan\Documents\Xtinex\goti_striker\goti_striker\Library\PackageCache\com.unity.mobile.android-logcat@a8a404f035b3)
    com.unity.mobile.notifications@2.4.3 (location: C:\Users\Tisan\Documents\Xtinex\goti_striker\goti_striker\Library\PackageCache\com.unity.mobile.notifications@53b584f4d5cd)
    com.unity.dt.app-ui@2.1.11 (location: C:\Users\Tisan\Documents\Xtinex\goti_striker\goti_striker\Library\PackageCache\com.unity.dt.app-ui@cd5609b130ce)
    com.unity.services.deployment.api@1.1.3 (location: C:\Users\Tisan\Documents\Xtinex\goti_striker\goti_striker\Library\PackageCache\com.unity.services.deployment.api@9becf6da0f1a)
    com.unity.searcher@4.9.5 (location: C:\Users\Tisan\Documents\Xtinex\goti_striker\goti_striker\Library\PackageCache\com.unity.searcher@a463122f2c00)
    com.unity.profiling.core@1.0.3 (location: C:\Users\Tisan\Documents\Xtinex\goti_striker\goti_striker\Library\PackageCache\com.unity.profiling.core@8a49f7027d06)
  Built-in packages:
    com.unity.collections@6.6.0 (location: C:\Users\Tisan\Documents\Xtinex\goti_striker\goti_striker\Library\PackageCache\com.unity.collections@10fff0607388)
    com.unity.feature.mobile@1.0.0 (location: C:\Users\Tisan\Documents\Xtinex\goti_striker\goti_striker\Library\PackageCache\com.unity.feature.mobile@00f8a2b6a6fb)
    com.unity.modules.accessibility@1.0.0 (location: C:\Users\Tisan\Documents\Xtinex\goti_striker\goti_striker\Library\PackageCache\com.unity.modules.accessibility)
    com.unity.modules.adaptiveperformance@1.0.0 (location: C:\Users\Tisan\Documents\Xtinex\goti_striker\goti_striker\Library\PackageCache\com.unity.modules.adaptiveperformance)
    com.unity.modules.ai@1.0.0 (location: C:\Users\Tisan\Documents\Xtinex\goti_striker\goti_striker\Library\PackageCache\com.unity.modules.ai)
    com.unity.modules.androidjni@1.0.0 (location: C:\Users\Tisan\Documents\Xtinex\goti_striker\goti_striker\Library\PackageCache\com.unity.modules.androidjni)
    com.unity.modules.animation@1.0.0 (location: C:\Users\Tisan\Documents\Xtinex\goti_striker\goti_striker\Library\PackageCache\com.unity.modules.animation)
    com.unity.modules.assetbundle@1.0.0 (location: C:\Users\Tisan\Documents\Xtinex\goti_striker\goti_striker\Library\PackageCache\com.unity.modules.assetbundle)
    com.unity.modules.audio@1.0.0 (location: C:\Users\Tisan\Documents\Xtinex\goti_striker\goti_striker\Library\PackageCache\com.unity.modules.audio)
    com.unity.modules.cloth@1.0.0 (location: C:\Users\Tisan\Documents\Xtinex\goti_striker\goti_striker\Library\PackageCache\com.unity.modules.cloth)
    com.unity.modules.director@1.0.0 (location: C:\Users\Tisan\Documents\Xtinex\goti_striker\goti_striker\Library\PackageCache\com.unity.modules.director)
    com.unity.modules.imageconversion@1.0.0 (location: C:\Users\Tisan\Documents\Xtinex\goti_striker\goti_striker\Library\PackageCache\com.unity.modules.imageconversion)
    com.unity.modules.imgui@1.0.0 (location: C:\Users\Tisan\Documents\Xtinex\goti_striker\goti_striker\Library\PackageCache\com.unity.modules.imgui)
    com.unity.modules.jsonserialize@1.0.0 (location: C:\Users\Tisan\Documents\Xtinex\goti_striker\goti_striker\Library\PackageCache\com.unity.modules.jsonserialize)
    com.unity.modules.particlesystem@1.0.0 (location: C:\Users\Tisan\Documents\Xtinex\goti_striker\goti_striker\Library\PackageCache\com.unity.modules.particlesystem)
    com.unity.modules.physics@1.0.0 (location: C:\Users\Tisan\Documents\Xtinex\goti_striker\goti_striker\Library\PackageCache\com.unity.modules.physics)
    com.unity.modules.physics2d@1.0.0 (location: C:\Users\Tisan\Documents\Xtinex\goti_striker\goti_striker\Library\PackageCache\com.unity.modules.physics2d)
    com.unity.modules.physicscore2d@1.0.0 (location: C:\Users\Tisan\Documents\Xtinex\goti_striker\goti_striker\Library\PackageCache\com.unity.modules.physicscore2d)
    com.unity.modules.screencapture@1.0.0 (location: C:\Users\Tisan\Documents\Xtinex\goti_striker\goti_striker\Library\PackageCache\com.unity.modules.screencapture)
    com.unity.modules.terrain@1.0.0 (location: C:\Users\Tisan\Documents\Xtinex\goti_striker\goti_striker\Library\PackageCache\com.unity.modules.terrain)
    com.unity.modules.terrainphysics@1.0.0 (location: C:\Users\Tisan\Documents\Xtinex\goti_striker\goti_striker\Library\PackageCache\com.unity.modules.terrainphysics)
    com.unity.modules.tetgen@1.0.0 (location: C:\Users\Tisan\Documents\Xtinex\goti_striker\goti_striker\Library\PackageCache\com.unity.modules.tetgen)
    com.unity.modules.tilemap@1.0.0 (location: C:\Users\Tisan\Documents\Xtinex\goti_striker\goti_striker\Library\PackageCache\com.unity.modules.tilemap)
    com.unity.modules.timelinefoundation@1.0.0 (location: C:\Users\Tisan\Documents\Xtinex\goti_striker\goti_striker\Library\PackageCache\com.unity.modules.timelinefoundation)
    com.unity.modules.ui@1.0.0 (location: C:\Users\Tisan\Documents\Xtinex\goti_striker\goti_striker\Library\PackageCache\com.unity.modules.ui)
    com.unity.modules.uielements@1.0.0 (location: C:\Users\Tisan\Documents\Xtinex\goti_striker\goti_striker\Library\PackageCache\com.unity.modules.uielements)
    com.unity.modules.umbra@1.0.0 (location: C:\Users\Tisan\Documents\Xtinex\goti_striker\goti_striker\Library\PackageCache\com.unity.modules.umbra)
    com.unity.modules.unityanalytics@1.0.0 (location: C:\Users\Tisan\Documents\Xtinex\goti_striker\goti_striker\Library\PackageCache\com.unity.modules.unityanalytics)
    com.unity.modules.unitywebrequest@1.0.0 (location: C:\Users\Tisan\Documents\Xtinex\goti_striker\goti_striker\Library\PackageCache\com.unity.modules.unitywebrequest)
    com.unity.modules.unitywebrequestassetbundle@1.0.0 (location: C:\Users\Tisan\Documents\Xtinex\goti_striker\goti_striker\Library\PackageCache\com.unity.modules.unitywebrequestassetbundle)
    com.unity.modules.unitywebrequestaudio@1.0.0 (location: C:\Users\Tisan\Documents\Xtinex\goti_striker\goti_striker\Library\PackageCache\com.unity.modules.unitywebrequestaudio)
    com.unity.modules.unitywebrequesttexture@1.0.0 (location: C:\Users\Tisan\Documents\Xtinex\goti_striker\goti_striker\Library\PackageCache\com.unity.modules.unitywebrequesttexture)
    com.unity.modules.unitywebrequestwww@1.0.0 (location: C:\Users\Tisan\Documents\Xtinex\goti_striker\goti_striker\Library\PackageCache\com.unity.modules.unitywebrequestwww)
    com.unity.modules.vectorgraphics@1.0.0 (location: C:\Users\Tisan\Documents\Xtinex\goti_striker\goti_striker\Library\PackageCache\com.unity.modules.vectorgraphics)
    com.unity.modules.vehicles@1.0.0 (location: C:\Users\Tisan\Documents\Xtinex\goti_striker\goti_striker\Library\PackageCache\com.unity.modules.vehicles)
    com.unity.modules.video@1.0.0 (location: C:\Users\Tisan\Documents\Xtinex\goti_striker\goti_striker\Library\PackageCache\com.unity.modules.video)
    com.unity.modules.wind@1.0.0 (location: C:\Users\Tisan\Documents\Xtinex\goti_striker\goti_striker\Library\PackageCache\com.unity.modules.wind)
    com.unity.modules.xr@1.0.0 (location: C:\Users\Tisan\Documents\Xtinex\goti_striker\goti_striker\Library\PackageCache\com.unity.modules.xr)
    com.unity.render-pipelines.universal@17.6.0 (location: C:\Users\Tisan\Documents\Xtinex\goti_striker\goti_striker\Library\PackageCache\com.unity.render-pipelines.universal@8457e85b8184)
    com.unity.test-framework@1.8.0 (location: C:\Users\Tisan\Documents\Xtinex\goti_striker\goti_striker\Library\PackageCache\com.unity.test-framework@7a3849e09bd0)
    com.unity.timeline@6.6.0 (location: C:\Users\Tisan\Documents\Xtinex\goti_striker\goti_striker\Library\PackageCache\com.unity.timeline@281d5f7e7d7d)
    com.unity.ugui@2.6.0 (location: C:\Users\Tisan\Documents\Xtinex\goti_striker\goti_striker\Library\PackageCache\com.unity.ugui@23caec89ae27)
    com.unity.ext.nunit@2.1.0 (location: C:\Users\Tisan\Documents\Xtinex\goti_striker\goti_striker\Library\PackageCache\com.unity.ext.nunit@0198eae3b53e)
    com.unity.transport@6.6.0 (location: C:\Users\Tisan\Documents\Xtinex\goti_striker\goti_striker\Library\PackageCache\com.unity.transport@1839533e4eb3)
    com.unity.render-pipelines.core@17.6.0 (location: C:\Users\Tisan\Documents\Xtinex\goti_striker\goti_striker\Library\PackageCache\com.unity.render-pipelines.core@2d66c71e606e)
    com.unity.shadergraph@17.6.0 (location: C:\Users\Tisan\Documents\Xtinex\goti_striker\goti_striker\Library\PackageCache\com.unity.shadergraph@ef6135652377)
    com.unity.render-pipelines.universal-config@17.6.0 (location: C:\Users\Tisan\Documents\Xtinex\goti_striker\goti_striker\Library\PackageCache\com.unity.render-pipelines.universal-config@561422b74439)
    com.unity.modules.subsystems@1.0.0 (location: C:\Users\Tisan\Documents\Xtinex\goti_striker\goti_striker\Library\PackageCache\com.unity.modules.subsystems)
    com.unity.modules.hierarchycore@1.0.0 (location: C:\Users\Tisan\Documents\Xtinex\goti_striker\goti_striker\Library\PackageCache\com.unity.modules.hierarchycore)
    com.unity.adaptiveperformance@6.0.0 (location: C:\Users\Tisan\Documents\Xtinex\goti_striker\goti_striker\Library\PackageCache\com.unity.adaptiveperformance@113b71fc946a)
    com.unity.burst@2.0.0 (location: C:\Users\Tisan\Documents\Xtinex\goti_striker\goti_striker\Library\PackageCache\com.unity.burst@626e66ab421b)
    com.unity.test-framework.performance@6.6.0 (location: C:\Users\Tisan\Documents\Xtinex\goti_striker\goti_striker\Library\PackageCache\com.unity.test-framework.performance@0a60b857a52e)
    com.unity.2d.sprite@1.0.0 (location: C:\Users\Tisan\Documents\Xtinex\goti_striker\goti_striker\Library\PackageCache\com.unity.2d.sprite@947350d67f82)
    com.unity.mathematics@1.4.0 (location: C:\Users\Tisan\Documents\Xtinex\goti_striker\goti_striker\Library\PackageCache\com.unity.mathematics@8306a64d0cd6)
    com.unity.graph-authoring@1.0.0 (location: C:\Users\Tisan\Documents\Xtinex\goti_striker\goti_striker\Library\PackageCache\com.unity.graph-authoring@cfd2588851ee)
[Subsystems] No new subsystems found in resolved package list.
[Package Manager] Done registering packages in 0.10 seconds
[ScriptCompilation] Requested script compilation because: AssetDatabase observed changes in script compilation related files
Refreshing native plugins compatible for Editor in 25.41 ms, found 5 plugins.
Starting: C:\Program Files\Unity\Hub\Editor\6000.6.0f1\Editor\Data\Tools\BuildPipeline\bee_backend.exe --ipc --defer-dag-verification --dagfile="Library/Bee/1300b0aE.dag" --continue-on-failure --profile="Library/Bee/backend1.traceevents" ScriptAssemblies
WorkingDir: C:/Users/Tisan/Documents/Xtinex/goti_striker/goti_striker
DisplayProgressbar: Compiling Scripts
warn: Unity.ILPP.Runner.PostProcessingAssemblyLoadContext[0]
      Assembly system.runtime.interopservices.windowsruntime has duplicate hint path. Ignoring "C:\Program Files\Unity\Hub\Editor\6000.6.0f1\Editor\Data\UnityReferenceAssemblies\unity-4.8-api\Facades\System.Runtime.InteropServices.WindowsRuntime.dll" in favor of "C:\Program Files\Unity\Hub\Editor\6000.6.0f1\Editor\Data\NetStandard\Extensions\2.0.0\System.Runtime.InteropServices.WindowsRuntime.dll"
warn: Unity.ILPP.Runner.PostProcessingAssemblyLoadContext[0]
      Assembly system.componentmodel.composition has duplicate hint path. Ignoring "C:\Program Files\Unity\Hub\Editor\6000.6.0f1\Editor\Data\UnityReferenceAssemblies\unity-4.8-api\System.ComponentModel.Composition.dll" in favor of "C:\Program Files\Unity\Hub\Editor\6000.6.0f1\Editor\Data\NetStandard\compat\2.1.0\shims\netfx\System.ComponentModel.Composition.dll"
Starting: C:\Program Files\Unity\Hub\Editor\6000.6.0f1\Editor\Data\DotNetSdk\dotnet.exe "C:\Program Files\Unity\Hub\Editor\6000.6.0f1\Editor\Data\Tools\BuildPipeline\ScriptCompilationBuildProgram.exe" "Library/Bee/1300b0aE.dag.json" "Library/Bee/1300b0aE-inputdata.json" "Library\Bee\buildprogram0.traceevents"
WorkingDir: C:/Users/Tisan/Documents/Xtinex/goti_striker/goti_striker
ExitCode: 4 Duration: 1s590ms
Rebuilding DAG because FileSignature timestamp changed: Library/Bee/1300b0aE-inputdata.json
[1576/2097  0s] ILPP-Configuration Library/ilpp-configuration.nevergeneratedoutput
*** Tundra requires additional run (1.51 seconds), 2 items updated, 1575 evaluated
ExitCode: 0 Duration: 5s205ms
Starting: C:\Program Files\Unity\Hub\Editor\6000.6.0f1\Editor\Data\Tools\BuildPipeline\bee_backend.exe --ipc --defer-dag-verification --dagfile="Library/Bee/1300b0aE.dag" --continue-on-failure --dagfilejson="Library\Bee\1300b0aE.dag.json" --profile="Library/Bee/backend2.traceevents" ScriptAssemblies
WorkingDir: C:/Users/Tisan/Documents/Xtinex/goti_striker/goti_striker
ExitCode: 0 Duration: 7s719ms
Finished compiling graph: 2101 nodes, 48510 flattened edges (39320 ToBuild, 354 ToUse), maximum node priority 2738
[1010/2097  0s] WriteText Library/Bee/artifacts/1300b0aE.dag/Assembly-CSharp-Editor.rsp
[1576/2097  0s] ILPP-Configuration Library/ilpp-configuration.nevergeneratedoutput
[2093/2097  4s] Csc Library/Bee/artifacts/1300b0aE.dag/Assembly-CSharp-Editor.dll (+2 others)
Assets\_Project\GameplayKit\Editor\TestA_NoGroundVerify.cs(39,69): warning CS0618: 'FindObjectsSortMode' is obsolete: 'FindObjectsSortMode has been deprecated. Use the FindObjectsByType overloads that do not take a FindObjectsSortMode parameter.'

Assets\_Project\GameplayKit\Editor\TestA_NoGroundVerify.cs(39,32): warning CS0618: 'Object.FindObjectsByType<T>(FindObjectsSortMode)' is obsolete: 'FindObjectsByType with FindObjectsSortMode parameter has been deprecated. Use FindObjectsByType<T>() or FindObjectsByType<T>(FindObjectsInactive) instead. InstanceID will be replaced in the future with EntityId and previous sort order cannot be maintained.'

Assets\_Project\GameplayKit\Editor\TestA_NoGroundVerify.cs(75,69): warning CS0618: 'FindObjectsSortMode' is obsolete: 'FindObjectsSortMode has been deprecated. Use the FindObjectsByType overloads that do not take a FindObjectsSortMode parameter.'

Assets\_Project\GameplayKit\Editor\TestA_NoGroundVerify.cs(75,32): warning CS0618: 'Object.FindObjectsByType<T>(FindObjectsSortMode)' is obsolete: 'FindObjectsByType with FindObjectsSortMode parameter has been deprecated. Use FindObjectsByType<T>() or FindObjectsByType<T>(FindObjectsInactive) instead. InstanceID will be replaced in the future with EntityId and previous sort order cannot be maintained.'

Assets\_Project\GameplayKit\Editor\TestA_NoGroundVerify.cs(74,17): warning CS0219: The variable 'meshCols' is assigned but its value is never used

Assets\_Project\GameplayKit\Editor\CreateMapReadyScenes.cs(75,69): warning CS0618: 'FindObjectsSortMode' is obsolete: 'FindObjectsSortMode has been deprecated. Use the FindObjectsByType overloads that do not take a FindObjectsSortMode parameter.'

Assets\_Project\GameplayKit\Editor\CreateMapReadyScenes.cs(75,32): warning CS0618: 'Object.FindObjectsByType<T>(FindObjectsSortMode)' is obsolete: 'FindObjectsByType with FindObjectsSortMode parameter has been deprecated. Use FindObjectsByType<T>() or FindObjectsByType<T>(FindObjectsInactive) instead. InstanceID will be replaced in the future with EntityId and previous sort order cannot be maintained.'

Assets\_Project\GameplayKit\Editor\CreateMapReadyScenes.cs(83,69): warning CS0618: 'FindObjectsSortMode' is obsolete: 'FindObjectsSortMode has been deprecated. Use the FindObjectsByType overloads that do not take a FindObjectsSortMode parameter.'

Assets\_Project\GameplayKit\Editor\CreateMapReadyScenes.cs(83,32): warning CS0618: 'Object.FindObjectsByType<T>(FindObjectsSortMode)' is obsolete: 'FindObjectsByType with FindObjectsSortMode parameter has been deprecated. Use FindObjectsByType<T>() or FindObjectsByType<T>(FindObjectsInactive) instead. InstanceID will be replaced in the future with EntityId and previous sort order cannot be maintained.'

Assets\_Project\GameplayKit\Editor\ExportGameplayKitPackage.cs(35,13): warning CS0618: 'AssetDatabase.ExportPackage(string[], string, ExportPackageOptions)' is obsolete: 'Use UnityEditor.AssetPackage.Package.Export(ExportPackageParameters) instead.'

Assets\_Project\GameplayKit\Editor\SwapSceneToGameplayCore.cs(47,120): warning CS0618: 'FindObjectsSortMode' is obsolete: 'FindObjectsSortMode has been deprecated. Use the FindObjectsByType overloads that do not take a FindObjectsSortMode parameter.'

Assets\_Project\GameplayKit\Editor\SwapSceneToGameplayCore.cs(47,48): warning CS0618: 'Object.FindObjectsByType<T>(FindObjectsInactive, FindObjectsSortMode)' is obsolete: 'FindObjectsByType with FindObjectsSortMode parameter has been deprecated. Use FindObjectsByType<T>() or FindObjectsByType<T>(FindObjectsInactive) instead. InstanceID will be replaced in the future with EntityId and previous sort order cannot be maintained.'

Assets\_Project\GameplayKit\Editor\SwapSceneToGameplayCore.cs(48,101): warning CS0618: 'FindObjectsSortMode' is obsolete: 'FindObjectsSortMode has been deprecated. Use the FindObjectsByType overloads that do not take a FindObjectsSortMode parameter.'

Assets\_Project\GameplayKit\Editor\SwapSceneToGameplayCore.cs(48,38): warning CS0618: 'Object.FindObjectsByType<T>(FindObjectsInactive, FindObjectsSortMode)' is obsolete: 'FindObjectsByType with FindObjectsSortMode parameter has been deprecated. Use FindObjectsByType<T>() or FindObjectsByType<T>(FindObjectsInactive) instead. InstanceID will be replaced in the future with EntityId and previous sort order cannot be maintained.'

Assets\_Project\GameplayKit\Editor\SwapSceneToGameplayCore.cs(68,99): warning CS0618: 'FindObjectsSortMode' is obsolete: 'FindObjectsSortMode has been deprecated. Use the FindObjectsByType overloads that do not take a FindObjectsSortMode parameter.'

Assets\_Project\GameplayKit\Editor\SwapSceneToGameplayCore.cs(68,27): warning CS0618: 'Object.FindObjectsByType<T>(FindObjectsInactive, FindObjectsSortMode)' is obsolete: 'FindObjectsByType with FindObjectsSortMode parameter has been deprecated. Use FindObjectsByType<T>() or FindObjectsByType<T>(FindObjectsInactive) instead. InstanceID will be replaced in the future with EntityId and previous sort order cannot be maintained.'

Assets\_Project\GameplayKit\Editor\SwapSceneToGameplayCore.cs(69,87): warning CS0618: 'FindObjectsSortMode' is obsolete: 'FindObjectsSortMode has been deprecated. Use the FindObjectsByType overloads that do not take a FindObjectsSortMode parameter.'

Assets\_Project\GameplayKit\Editor\SwapSceneToGameplayCore.cs(69,24): warning CS0618: 'Object.FindObjectsByType<T>(FindObjectsInactive, FindObjectsSortMode)' is obsolete: 'FindObjectsByType with FindObjectsSortMode parameter has been deprecated. Use FindObjectsByType<T>() or FindObjectsByType<T>(FindObjectsInactive) instead. InstanceID will be replaced in the future with EntityId and previous sort order cannot be maintained.'

Assets\_Project\GameplayKit\Editor\SwapSceneToGameplayCore.cs(70,95): warning CS0618: 'FindObjectsSortMode' is obsolete: 'FindObjectsSortMode has been deprecated. Use the FindObjectsByType overloads that do not take a FindObjectsSortMode parameter.'

Assets\_Project\GameplayKit\Editor\SwapSceneToGameplayCore.cs(70,28): warning CS0618: 'Object.FindObjectsByType<T>(FindObjectsInactive, FindObjectsSortMode)' is obsolete: 'FindObjectsByType with FindObjectsSortMode parameter has been deprecated. Use FindObjectsByType<T>() or FindObjectsByType<T>(FindObjectsInactive) instead. InstanceID will be replaced in the future with EntityId and previous sort order cannot be maintained.'

Assets\_Project\GameplayKit\Editor\SwapSceneToGameplayCore.cs(71,86): warning CS0618: 'FindObjectsSortMode' is obsolete: 'FindObjectsSortMode has been deprecated. Use the FindObjectsByType overloads that do not take a FindObjectsSortMode parameter.'

Assets\_Project\GameplayKit\Editor\SwapSceneToGameplayCore.cs(71,24): warning CS0618: 'Object.FindObjectsByType<T>(FindObjectsInactive, FindObjectsSortMode)' is obsolete: 'FindObjectsByType with FindObjectsSortMode parameter has been deprecated. Use FindObjectsByType<T>() or FindObjectsByType<T>(FindObjectsInactive) instead. InstanceID will be replaced in the future with EntityId and previous sort order cannot be maintained.'

Assets\_Project\GameplayKit\Editor\SwapSceneToGameplayCore.cs(72,98): warning CS0618: 'FindObjectsSortMode' is obsolete: 'FindObjectsSortMode has been deprecated. Use the FindObjectsByType overloads that do not take a FindObjectsSortMode parameter.'

Assets\_Project\GameplayKit\Editor\SwapSceneToGameplayCore.cs(72,29): warning CS0618: 'Object.FindObjectsByType<T>(FindObjectsInactive, FindObjectsSortMode)' is obsolete: 'FindObjectsByType with FindObjectsSortMode parameter has been deprecated. Use FindObjectsByType<T>() or FindObjectsByType<T>(FindObjectsInactive) instead. InstanceID will be replaced in the future with EntityId and previous sort order cannot be maintained.'

Assets\_Project\Scripts\Core\Editor\CaptureLaneGameView.cs(47,28): warning CS0618: 'Object.FindFirstObjectByType<T>(FindObjectsInactive)' is obsolete: 'FindFirstObjectByType has been deprecated because it relies on instance ID ordering. Use FindAnyObjectByType instead, which does not depend on ordering.'

Assets\_Project\Scripts\Core\Editor\CaptureLaneGameView.cs(49,27): warning CS0618: 'Object.FindFirstObjectByType<T>(FindObjectsInactive)' is obsolete: 'FindFirstObjectByType has been deprecated because it relies on instance ID ordering. Use FindAnyObjectByType instead, which does not depend on ordering.'

Assets\_Project\Scripts\Core\Editor\CaptureLaneGameView.cs(58,40): warning CS0618: 'Object.FindFirstObjectByType<T>()' is obsolete: 'FindFirstObjectByType has been deprecated because it relies on instance ID ordering. Use FindAnyObjectByType instead, which does not depend on ordering.'

Assets\_Project\Scripts\Core\Editor\GameViewLanePrep.cs(53,24): warning CS0618: 'Object.FindFirstObjectByType<T>(FindObjectsInactive)' is obsolete: 'FindFirstObjectByType has been deprecated because it relies on instance ID ordering. Use FindAnyObjectByType instead, which does not depend on ordering.'

Assets\_Project\Scripts\Core\Editor\GameViewLanePrep.cs(55,23): warning CS0618: 'Object.FindFirstObjectByType<T>(FindObjectsInactive)' is obsolete: 'FindFirstObjectByType has been deprecated because it relies on instance ID ordering. Use FindAnyObjectByType instead, which does not depend on ordering.'

Assets\_Project\Scripts\Core\Editor\GameViewLanePrep.cs(60,36): warning CS0618: 'Object.FindFirstObjectByType<T>()' is obsolete: 'FindFirstObjectByType has been deprecated because it relies on instance ID ordering. Use FindAnyObjectByType instead, which does not depend on ordering.'

Assets\_Project\Scripts\Core\Editor\GameViewLanePrep.cs(102,24): warning CS0618: 'Object.FindFirstObjectByType<T>(FindObjectsInactive)' is obsolete: 'FindFirstObjectByType has been deprecated because it relies on instance ID ordering. Use FindAnyObjectByType instead, which does not depend on ordering.'

Assets\_Project\Scripts\Core\Editor\GameViewLanePrep.cs(104,23): warning CS0618: 'Object.FindFirstObjectByType<T>(FindObjectsInactive)' is obsolete: 'FindFirstObjectByType has been deprecated because it relies on instance ID ordering. Use FindAnyObjectByType instead, which does not depend on ordering.'

Assets\_Project\Scripts\Core\Editor\GameViewLanePrep.cs(20,21): warning CS0414: The field 'GameViewLanePrep.s_hidden' is assigned but its value is never used
[2094/2097  1s] ILPostProcess Library/Bee/artifacts/1300b0aE.dag/post-processed/Assembly-CSharp-Editor.dll (+pdb)
Processing assembly Library/Bee/artifacts/1300b0aE.dag/Assembly-CSharp-Editor.dll, with 157 defines and 429 references

processors: Unity.Jobs.CodeGen.JobsILPostProcessor, Unity.Netcode.Editor.CodeGen.INetworkMessageILPP, Unity.Netcode.Editor.CodeGen.INetworkSerializableILPP, Unity.Netcode.Editor.CodeGen.NetworkBehaviourILPP, Unity.Netcode.Editor.CodeGen.RuntimeAccessModifiersILPP, zzzUnity.Burst.CodeGen.BurstILPostProcessor

running Unity.Jobs.CodeGen.JobsILPostProcessor

running Unity.Netcode.Editor.CodeGen.INetworkMessageILPP

running Unity.Netcode.Editor.CodeGen.INetworkSerializableILPP

running Unity.Netcode.Editor.CodeGen.NetworkBehaviourILPP

running Unity.Netcode.Editor.CodeGen.RuntimeAccessModifiersILPP

running zzzUnity.Burst.CodeGen.BurstILPostProcessor
[2095/2097  0s] CopyFiles Library/ScriptAssemblies/Assembly-CSharp-Editor.pdb
[2096/2097  0s] CopyFiles Library/ScriptAssemblies/Assembly-CSharp-Editor.dll
*** Tundra build success (7.67 seconds), 6 items updated, 2097 evaluated
Assets\_Project\GameplayKit\Editor\TestA_NoGroundVerify.cs(39,69): warning CS0618: 'FindObjectsSortMode' is obsolete: 'FindObjectsSortMode has been deprecated. Use the FindObjectsByType overloads that do not take a FindObjectsSortMode parameter.'
Assets\_Project\GameplayKit\Editor\TestA_NoGroundVerify.cs(39,32): warning CS0618: 'Object.FindObjectsByType<T>(FindObjectsSortMode)' is obsolete: 'FindObjectsByType with FindObjectsSortMode parameter has been deprecated. Use FindObjectsByType<T>() or FindObjectsByType<T>(FindObjectsInactive) instead. InstanceID will be replaced in the future with EntityId and previous sort order cannot be maintained.'
Assets\_Project\GameplayKit\Editor\TestA_NoGroundVerify.cs(75,69): warning CS0618: 'FindObjectsSortMode' is obsolete: 'FindObjectsSortMode has been deprecated. Use the FindObjectsByType overloads that do not take a FindObjectsSortMode parameter.'
Assets\_Project\GameplayKit\Editor\TestA_NoGroundVerify.cs(75,32): warning CS0618: 'Object.FindObjectsByType<T>(FindObjectsSortMode)' is obsolete: 'FindObjectsByType with FindObjectsSortMode parameter has been deprecated. Use FindObjectsByType<T>() or FindObjectsByType<T>(FindObjectsInactive) instead. InstanceID will be replaced in the future with EntityId and previous sort order cannot be maintained.'
Assets\_Project\GameplayKit\Editor\TestA_NoGroundVerify.cs(74,17): warning CS0219: The variable 'meshCols' is assigned but its value is never used
Assets\_Project\GameplayKit\Editor\CreateMapReadyScenes.cs(75,69): warning CS0618: 'FindObjectsSortMode' is obsolete: 'FindObjectsSortMode has been deprecated. Use the FindObjectsByType overloads that do not take a FindObjectsSortMode parameter.'
Assets\_Project\GameplayKit\Editor\CreateMapReadyScenes.cs(75,32): warning CS0618: 'Object.FindObjectsByType<T>(FindObjectsSortMode)' is obsolete: 'FindObjectsByType with FindObjectsSortMode parameter has been deprecated. Use FindObjectsByType<T>() or FindObjectsByType<T>(FindObjectsInactive) instead. InstanceID will be replaced in the future with EntityId and previous sort order cannot be maintained.'
Assets\_Project\GameplayKit\Editor\CreateMapReadyScenes.cs(83,69): warning CS0618: 'FindObjectsSortMode' is obsolete: 'FindObjectsSortMode has been deprecated. Use the FindObjectsByType overloads that do not take a FindObjectsSortMode parameter.'
Assets\_Project\GameplayKit\Editor\CreateMapReadyScenes.cs(83,32): warning CS0618: 'Object.FindObjectsByType<T>(FindObjectsSortMode)' is obsolete: 'FindObjectsByType with FindObjectsSortMode parameter has been deprecated. Use FindObjectsByType<T>() or FindObjectsByType<T>(FindObjectsInactive) instead. InstanceID will be replaced in the future with EntityId and previous sort order cannot be maintained.'
Assets\_Project\GameplayKit\Editor\ExportGameplayKitPackage.cs(35,13): warning CS0618: 'AssetDatabase.ExportPackage(string[], string, ExportPackageOptions)' is obsolete: 'Use UnityEditor.AssetPackage.Package.Export(ExportPackageParameters) instead.'
Assets\_Project\GameplayKit\Editor\SwapSceneToGameplayCore.cs(47,120): warning CS0618: 'FindObjectsSortMode' is obsolete: 'FindObjectsSortMode has been deprecated. Use the FindObjectsByType overloads that do not take a FindObjectsSortMode parameter.'
Assets\_Project\GameplayKit\Editor\SwapSceneToGameplayCore.cs(47,48): warning CS0618: 'Object.FindObjectsByType<T>(FindObjectsInactive, FindObjectsSortMode)' is obsolete: 'FindObjectsByType with FindObjectsSortMode parameter has been deprecated. Use FindObjectsByType<T>() or FindObjectsByType<T>(FindObjectsInactive) instead. InstanceID will be replaced in the future with EntityId and previous sort order cannot be maintained.'
Assets\_Project\GameplayKit\Editor\SwapSceneToGameplayCore.cs(48,101): warning CS0618: 'FindObjectsSortMode' is obsolete: 'FindObjectsSortMode has been deprecated. Use the FindObjectsByType overloads that do not take a FindObjectsSortMode parameter.'
Assets\_Project\GameplayKit\Editor\SwapSceneToGameplayCore.cs(48,38): warning CS0618: 'Object.FindObjectsByType<T>(FindObjectsInactive, FindObjectsSortMode)' is obsolete: 'FindObjectsByType with FindObjectsSortMode parameter has been deprecated. Use FindObjectsByType<T>() or FindObjectsByType<T>(FindObjectsInactive) instead. InstanceID will be replaced in the future with EntityId and previous sort order cannot be maintained.'
Assets\_Project\GameplayKit\Editor\SwapSceneToGameplayCore.cs(68,99): warning CS0618: 'FindObjectsSortMode' is obsolete: 'FindObjectsSortMode has been deprecated. Use the FindObjectsByType overloads that do not take a FindObjectsSortMode parameter.'
Assets\_Project\GameplayKit\Editor\SwapSceneToGameplayCore.cs(68,27): warning CS0618: 'Object.FindObjectsByType<T>(FindObjectsInactive, FindObjectsSortMode)' is obsolete: 'FindObjectsByType with FindObjectsSortMode parameter has been deprecated. Use FindObjectsByType<T>() or FindObjectsByType<T>(FindObjectsInactive) instead. InstanceID will be replaced in the future with EntityId and previous sort order cannot be maintained.'
Assets\_Project\GameplayKit\Editor\SwapSceneToGameplayCore.cs(69,87): warning CS0618: 'FindObjectsSortMode' is obsolete: 'FindObjectsSortMode has been deprecated. Use the FindObjectsByType overloads that do not take a FindObjectsSortMode parameter.'
Assets\_Project\GameplayKit\Editor\SwapSceneToGameplayCore.cs(69,24): warning CS0618: 'Object.FindObjectsByType<T>(FindObjectsInactive, FindObjectsSortMode)' is obsolete: 'FindObjectsByType with FindObjectsSortMode parameter has been deprecated. Use FindObjectsByType<T>() or FindObjectsByType<T>(FindObjectsInactive) instead. InstanceID will be replaced in the future with EntityId and previous sort order cannot be maintained.'
Assets\_Project\GameplayKit\Editor\SwapSceneToGameplayCore.cs(70,95): warning CS0618: 'FindObjectsSortMode' is obsolete: 'FindObjectsSortMode has been deprecated. Use the FindObjectsByType overloads that do not take a FindObjectsSortMode parameter.'
Assets\_Project\GameplayKit\Editor\SwapSceneToGameplayCore.cs(70,28): warning CS0618: 'Object.FindObjectsByType<T>(FindObjectsInactive, FindObjectsSortMode)' is obsolete: 'FindObjectsByType with FindObjectsSortMode parameter has been deprecated. Use FindObjectsByType<T>() or FindObjectsByType<T>(FindObjectsInactive) instead. InstanceID will be replaced in the future with EntityId and previous sort order cannot be maintained.'
Assets\_Project\GameplayKit\Editor\SwapSceneToGameplayCore.cs(71,86): warning CS0618: 'FindObjectsSortMode' is obsolete: 'FindObjectsSortMode has been deprecated. Use the FindObjectsByType overloads that do not take a FindObjectsSortMode parameter.'
Assets\_Project\GameplayKit\Editor\SwapSceneToGameplayCore.cs(71,24): warning CS0618: 'Object.FindObjectsByType<T>(FindObjectsInactive, FindObjectsSortMode)' is obsolete: 'FindObjectsByType with FindObjectsSortMode parameter has been deprecated. Use FindObjectsByType<T>() or FindObjectsByType<T>(FindObjectsInactive) instead. InstanceID will be replaced in the future with EntityId and previous sort order cannot be maintained.'
Assets\_Project\GameplayKit\Editor\SwapSceneToGameplayCore.cs(72,98): warning CS0618: 'FindObjectsSortMode' is obsolete: 'FindObjectsSortMode has been deprecated. Use the FindObjectsByType overloads that do not take a FindObjectsSortMode parameter.'
Assets\_Project\GameplayKit\Editor\SwapSceneToGameplayCore.cs(72,29): warning CS0618: 'Object.FindObjectsByType<T>(FindObjectsInactive, FindObjectsSortMode)' is obsolete: 'FindObjectsByType with FindObjectsSortMode parameter has been deprecated. Use FindObjectsByType<T>() or FindObjectsByType<T>(FindObjectsInactive) instead. InstanceID will be replaced in the future with EntityId and previous sort order cannot be maintained.'
Assets\_Project\Scripts\Core\Editor\CaptureLaneGameView.cs(47,28): warning CS0618: 'Object.FindFirstObjectByType<T>(FindObjectsInactive)' is obsolete: 'FindFirstObjectByType has been deprecated because it relies on instance ID ordering. Use FindAnyObjectByType instead, which does not depend on ordering.'
Assets\_Project\Scripts\Core\Editor\CaptureLaneGameView.cs(49,27): warning CS0618: 'Object.FindFirstObjectByType<T>(FindObjectsInactive)' is obsolete: 'FindFirstObjectByType has been deprecated because it relies on instance ID ordering. Use FindAnyObjectByType instead, which does not depend on ordering.'
Assets\_Project\Scripts\Core\Editor\CaptureLaneGameView.cs(58,40): warning CS0618: 'Object.FindFirstObjectByType<T>()' is obsolete: 'FindFirstObjectByType has been deprecated because it relies on instance ID ordering. Use FindAnyObjectByType instead, which does not depend on ordering.'
Assets\_Project\Scripts\Core\Editor\GameViewLanePrep.cs(53,24): warning CS0618: 'Object.FindFirstObjectByType<T>(FindObjectsInactive)' is obsolete: 'FindFirstObjectByType has been deprecated because it relies on instance ID ordering. Use FindAnyObjectByType instead, which does not depend on ordering.'
Assets\_Project\Scripts\Core\Editor\GameViewLanePrep.cs(55,23): warning CS0618: 'Object.FindFirstObjectByType<T>(FindObjectsInactive)' is obsolete: 'FindFirstObjectByType has been deprecated because it relies on instance ID ordering. Use FindAnyObjectByType instead, which does not depend on ordering.'
Assets\_Project\Scripts\Core\Editor\GameViewLanePrep.cs(60,36): warning CS0618: 'Object.FindFirstObjectByType<T>()' is obsolete: 'FindFirstObjectByType has been deprecated because it relies on instance ID ordering. Use FindAnyObjectByType instead, which does not depend on ordering.'
Assets\_Project\Scripts\Core\Editor\GameViewLanePrep.cs(102,24): warning CS0618: 'Object.FindFirstObjectByType<T>(FindObjectsInactive)' is obsolete: 'FindFirstObjectByType has been deprecated because it relies on instance ID ordering. Use FindAnyObjectByType instead, which does not depend on ordering.'
Assets\_Project\Scripts\Core\Editor\GameViewLanePrep.cs(104,23): warning CS0618: 'Object.FindFirstObjectByType<T>(FindObjectsInactive)' is obsolete: 'FindFirstObjectByType has been deprecated because it relies on instance ID ordering. Use FindAnyObjectByType instead, which does not depend on ordering.'
Assets\_Project\Scripts\Core\Editor\GameViewLanePrep.cs(20,21): warning CS0414: The field 'GameViewLanePrep.s_hidden' is assigned but its value is never used
AssetDatabase: script compilation time: 16.590229s
Begin MonoManager ReloadAssembly
Total cache size 268421173
Total cache size after purge 268421173, took 00:00:00.9680024
Symbol file LoadedFromMemory is not a mono symbol file
Symbol file LoadedFromMemory is not a mono symbol file
'Packages/com.unity.render-pipelines.core/Editor/Deprecated.cs' contains partial class of Unity.Object, exactly 1 of the partial classes needs to be in a file with the same filename. This is to know the one that can be referenced from ie. GameObjects
'Packages/com.unity.render-pipelines.core/Editor/Deprecated.cs' contains partial class of Unity.Object, exactly 1 of the partial classes needs to be in a file with the same filename. This is to know the one that can be referenced from ie. GameObjects
Refreshing native plugins compatible for Editor in 10.98 ms, found 5 plugins.
Native extension for WindowsStandalone target not found
Native extension for WebGL target not found
Native extension for Android target not found
Refreshing native plugins compatible for Editor in 6.80 ms, found 5 plugins.
[Licensing::Client] Error: Code 404 while processing request (status: Found 0 entitlement groups and 0 free entitlements matching requested entitlement ids)
[Licensing::Client] Error: Code 404 while processing request (status: Found 0 entitlement groups and 0 free entitlements matching requested entitlement ids)
[Licensing::Client] Error: Code 404 while processing request (status: Found 0 entitlement groups and 0 free entitlements matching requested entitlement ids)
ScheduleIndexationOnStartup MainProcess:True IndexOnStartup:True
Scripting: successfully reloaded assembly
- Finished resetting the current domain, in  4.820 seconds
Domain Reload Profiling: 8157ms
	BeginReloadAssembly (590ms)
		DisableScriptedObjects (61ms)
		CreateAndSetChildDomain (134ms)
	RebuildCommonClasses (21ms)
	RebuildNativeTypeToScriptingClass (36ms)
	initialDomainReloadingComplete (201ms)
	LoadAllAssembliesAndSetupDomain (2487ms)
		LoadAssemblies (1159ms)
		TypeCache.Refresh (894ms)
			TypeCache.ScanAssembly (848ms)
		AnalyzeDomain (284ms)
			BuildScriptInfoCaches (266ms)
			ResolveRequiredComponents (14ms)
	FinalizeReload (4823ms)
		SetupLoadedEditorAssemblies (0ms)
			LogAssemblyErrors (5ms)
			InitializePlatformSupportModulesInManaged (15ms)
			BeforeProcessingInitializeOnLoad (346ms)
			ProcessInitializeOnLoadAttributes (2253ms)
			ProcessInitializeOnLoadMethodAttributes (1198ms)
			AfterProcessingInitializeOnLoad (11ms)
			EditorAssembliesLoaded (5ms)
		AwakeInstancesAfterBackupRestoration (60ms)
Starting new worker id: 0 with log in C:/Users/Tisan/Documents/Xtinex/goti_striker/goti_striker/Logs/AssetImportWorkerHW0.log
Importing 'GUID: d19f4f8a13b6edb48b986a47ec96402e - Path: Packages/com.unity.render-pipelines.core/Runtime/PathTracing/Shaders/LightmapShadowMaskIntegration.urtshader' with importer (ScriptedImporter : Unity.Rendering.LightTransport.Editor:UnityEditor.Rendering.UnifiedRayTracing:UnifiedRTShaderImporter)
Launched and connected shader compiler UnityShaderCompiler.exe after 0.07 seconds
Imported 'GUID: d19f4f8a13b6edb48b986a47ec96402e' -> (Import Result ID: 'cbf8be7007006a3d3cec3e6ef82d7278') in 0.205 seconds [static and dynamic dependencies]. Details - ImportResultOutputID=35724f5da523fdc0b72fb48c07a08e60 DependenciesID=d662e5015be6ffa6d7d7a8f01b094ebb StaticDependenciesID=9fd4e9b2e1ad89e7cbffc601eff4d03f 
Importing 'GUID: 737a1597422c12547a8714d76a9406ec - Path: Packages/com.unity.render-pipelines.core/Runtime/PathTracing/Shaders/LightmapGBufferDebug.urtshader' with importer (ScriptedImporter : Unity.Rendering.LightTransport.Editor:UnityEditor.Rendering.UnifiedRayTracing:UnifiedRTShaderImporter)
Imported 'GUID: 737a1597422c12547a8714d76a9406ec' -> (Import Result ID: 'b254e3a1e7a56f3147538c95aba6c6a9') in 0.020 seconds [static and dynamic dependencies]. Details - ImportResultOutputID=c19217defd2885cf7ac78e4bad1df09d DependenciesID=694146ee6775c47da87bf04fe328ab8b StaticDependenciesID=b513b01e29d0aa4d28825e4d4fb57fb4 
Importing 'GUID: f32463968f29423cad25aee15a14b9f1 - Path: Packages/com.unity.render-pipelines.core/Runtime/Lighting/SurfaceCache/PunctualLightSampling.urtshader' with importer (ScriptedImporter : Unity.Rendering.LightTransport.Editor:UnityEditor.Rendering.UnifiedRayTracing:UnifiedRTShaderImporter)
Imported 'GUID: f32463968f29423cad25aee15a14b9f1' -> (Import Result ID: 'cc1b175c0b2f6a4a9a1ca2241c34bfc9') in 0.025 seconds [static and dynamic dependencies]. Details - ImportResultOutputID=ac6cb040f730a46ce13794e439ed1139 DependenciesID=2bba43787cc48ef0c848f7c9e233ea1d StaticDependenciesID=b63d74c4e924df89cb98a36e44fc1845 
Importing 'GUID: 1451d029813b192429211be28181beab - Path: Packages/com.unity.render-pipelines.core/Runtime/PathTracing/Shaders/LightmapNormalIntegration.urtshader' with importer (ScriptedImporter : Unity.Rendering.LightTransport.Editor:UnityEditor.Rendering.UnifiedRayTracing:UnifiedRTShaderImporter)
Imported 'GUID: 1451d029813b192429211be28181beab' -> (Import Result ID: '8b573f2c924ee11974cb590bd69f7833') in 0.013 seconds [static and dynamic dependencies]. Details - ImportResultOutputID=5cccd9c9e23b53b1c89c38b3615808ee DependenciesID=4758410c1b423dbe250b1bc41b92c39d StaticDependenciesID=5afd8eadeec03e368f74c3a5603c453d 
Importing 'GUID: 94a070d33e408384bafc1dea4a565df9 - Path: Packages/com.unity.render-pipelines.core/Editor/Lighting/ProbeVolume/RenderingLayerMask/TraceRenderingLayerMask.urtshader' with importer (ScriptedImporter : Unity.Rendering.LightTransport.Editor:UnityEditor.Rendering.UnifiedRayTracing:UnifiedRTShaderImporter)
Imported 'GUID: 94a070d33e408384bafc1dea4a565df9' -> (Import Result ID: 'd148ec0756150cc09e95fed8f3075745') in 0.015 seconds [static and dynamic dependencies]. Details - ImportResultOutputID=2462a4a46a0f426d80fac6f1a6c06d8b DependenciesID=aaf9cd7e358363aa0bb02e057b724a37 StaticDependenciesID=25a592d065c9c4788553066128367c57 
Importing 'GUID: 94a39d12848d8d64ca962a72b74e7c50 - Path: Packages/com.unity.render-pipelines.core/Runtime/Lighting/SurfaceCache/Estimation.urtshader' with importer (ScriptedImporter : Unity.Rendering.LightTransport.Editor:UnityEditor.Rendering.UnifiedRayTracing:UnifiedRTShaderImporter)
Imported 'GUID: 94a39d12848d8d64ca962a72b74e7c50' -> (Import Result ID: 'c78c5b9b1bafbeec520b6bfdcc6a50d5') in 0.013 seconds [static and dynamic dependencies]. Details - ImportResultOutputID=efd6a3d85dfbb52b6ce1d778bf9af5b4 DependenciesID=433a4558f6a86e6905943e6c31b429c1 StaticDependenciesID=ffb0a11028fb7b99287455d15347e1d8 
Importing 'GUID: f5ba4d424d4566249b3d94cf81a3e916 - Path: Packages/com.unity.render-pipelines.core/Runtime/PathTracing/Shaders/LightmapDirectDirectionalAndEnvironmentIntegration.urtshader' with importer (ScriptedImporter : Unity.Rendering.LightTransport.Editor:UnityEditor.Rendering.UnifiedRayTracing:UnifiedRTShaderImporter)
Imported 'GUID: f5ba4d424d4566249b3d94cf81a3e916' -> (Import Result ID: '4f70bb77e7a943ad28415874f7159e0e') in 0.017 seconds [static and dynamic dependencies]. Details - ImportResultOutputID=fb5e73d1f02b635062da96df70357db0 DependenciesID=de87bbe19edad25fce29cf44e0908b71 StaticDependenciesID=d4bdfd2147f181839dcd88d16b4cc45b 
Importing 'GUID: 7624adbeb148b5c48ab5ab660cc2602a - Path: Packages/com.unity.render-pipelines.core/Runtime/PathTracing/Shaders/LightmapIndirectIntegration.urtshader' with importer (ScriptedImporter : Unity.Rendering.LightTransport.Editor:UnityEditor.Rendering.UnifiedRayTracing:UnifiedRTShaderImporter)
Imported 'GUID: 7624adbeb148b5c48ab5ab660cc2602a' -> (Import Result ID: '93bb2f42f0a52786599931042a18becc') in 0.017 seconds [static and dynamic dependencies]. Details - ImportResultOutputID=00bffcfde03e10f31e63ffc15aa50efa DependenciesID=36ab595469716eb1dc2d04caa188b453 StaticDependenciesID=637eaa30376abb268136eb146f59c034 
Importing 'GUID: 5951703b3d165764c95c653e98350884 - Path: Packages/com.unity.render-pipelines.core/Runtime/PathTracing/Shaders/LightmapDirectBRDFIntegration.urtshader' with importer (ScriptedImporter : Unity.Rendering.LightTransport.Editor:UnityEditor.Rendering.UnifiedRayTracing:UnifiedRTShaderImporter)
Imported 'GUID: 5951703b3d165764c95c653e98350884' -> (Import Result ID: '54a72b94db96c7dc173f12292fc7a424') in 0.016 seconds [static and dynamic dependencies]. Details - ImportResultOutputID=0637ddbe2d6c55503d433362daf52520 DependenciesID=6fb0f1cb7be1978dead4964307cf4f16 StaticDependenciesID=059ad849da4bff5dcc29e3cff7813344 
Importing 'GUID: 99ac6221b6ecd7b479be13e8b9866300 - Path: Packages/com.unity.render-pipelines.core/Tests/Editor/PathTracing/Shaders/TerrainRayMarchingTest.urtshader' with importer (ScriptedImporter : Unity.Rendering.LightTransport.Editor:UnityEditor.Rendering.UnifiedRayTracing:UnifiedRTShaderImporter)
Imported 'GUID: 99ac6221b6ecd7b479be13e8b9866300' -> (Import Result ID: '8db0d123e07fd9c6c98d5c56763c414c') in 0.021 seconds [static and dynamic dependencies]. Details - ImportResultOutputID=4629542d29cbe89e7bb7fa0086b90b2b DependenciesID=a2fbc9bcf7a54ac0eae4ba9796ad812a StaticDependenciesID=dc53200b7c0c8c0e6f9de4f99348b559 
Importing 'GUID: e9f4de6d1e07fb94f9a60d35b618f724 - Path: Packages/com.unity.render-pipelines.core/Runtime/PathTracing/Shaders/LightmapGBufferIntegration.urtshader' with importer (ScriptedImporter : Unity.Rendering.LightTransport.Editor:UnityEditor.Rendering.UnifiedRayTracing:UnifiedRTShaderImporter)
Imported 'GUID: e9f4de6d1e07fb94f9a60d35b618f724' -> (Import Result ID: '5e816518a3a0539b37f36fe6d094e3ff') in 0.014 seconds [static and dynamic dependencies]. Details - ImportResultOutputID=9bf82d8ba8e033920b1771c5d95cd594 DependenciesID=13ae5c44622c2aec5cfe5f486991751e StaticDependenciesID=3c625e26646b7228663e0de2b2c1d69b 
Importing 'GUID: 5a2a534753fbdb44e96c3c78b5a6999d - Path: Packages/com.unity.render-pipelines.core/Editor/Lighting/ProbeVolume/DynamicGI/DynamicGISkyOcclusion.urtshader' with importer (ScriptedImporter : Unity.Rendering.LightTransport.Editor:UnityEditor.Rendering.UnifiedRayTracing:UnifiedRTShaderImporter)
Imported 'GUID: 5a2a534753fbdb44e96c3c78b5a6999d' -> (Import Result ID: '1639bdf7333680cee203163381470292') in 0.015 seconds [static and dynamic dependencies]. Details - ImportResultOutputID=d11803207e50bcd17494deda286603a1 DependenciesID=94fb74c38c8215303983e8e831c382d6 StaticDependenciesID=72ee5fda06862b709c15f6cbb7db6f05 
Importing 'GUID: 5bbebdef5916845478fcef13fa10d89f - Path: Packages/com.unity.render-pipelines.core/Runtime/PathTracing/Shaders/LightmapDirectStochasticLightIntegration.urtshader' with importer (ScriptedImporter : Unity.Rendering.LightTransport.Editor:UnityEditor.Rendering.UnifiedRayTracing:UnifiedRTShaderImporter)
Imported 'GUID: 5bbebdef5916845478fcef13fa10d89f' -> (Import Result ID: '357d84df2bf0ae5955b2e7508514f9d4') in 0.021 seconds [static and dynamic dependencies]. Details - ImportResultOutputID=c45cac98f90b8d7695fae8d349877b30 DependenciesID=b816c88f9c03f720c9b74f9b1f8f4302 StaticDependenciesID=471ca71b6b19c4611a46691a7356c8a6 
Importing 'GUID: 1c410815c01ce1d4d82c645c0cd45747 - Path: Packages/com.unity.render-pipelines.core/Runtime/PathTracing/Shaders/LightmapAOIntegration.urtshader' with importer (ScriptedImporter : Unity.Rendering.LightTransport.Editor:UnityEditor.Rendering.UnifiedRayTracing:UnifiedRTShaderImporter)
Imported 'GUID: 1c410815c01ce1d4d82c645c0cd45747' -> (Import Result ID: '7139fa5aadae3c70974cba2735d8c91a') in 0.016 seconds [static and dynamic dependencies]. Details - ImportResultOutputID=273bcc3383121e33c9dcf95fdc504bf5 DependenciesID=937e2117af8dd951464c793ef9b67748 StaticDependenciesID=219d1b7269d01f2442d424f53e04d073 
Importing 'GUID: 2c32233d92a2d0745930664c087c5c9a - Path: Packages/com.unity.render-pipelines.core/Runtime/PathTracing/Shaders/ProbeIntegrationValidity.urtshader' with importer (ScriptedImporter : Unity.Rendering.LightTransport.Editor:UnityEditor.Rendering.UnifiedRayTracing:UnifiedRTShaderImporter)
Imported 'GUID: 2c32233d92a2d0745930664c087c5c9a' -> (Import Result ID: '974ada09e0efcb23dc613223a03f8095') in 0.014 seconds [static and dynamic dependencies]. Details - ImportResultOutputID=740f497491b87647e717a97cbc759244 DependenciesID=1fdbe87bd2413255a2e981959536510f StaticDependenciesID=89ce6b5e76d568c473e42bb2e82d857d 
Importing 'GUID: ace95ac84e213794891b4bd7c9b3c158 - Path: Packages/com.unity.render-pipelines.core/Runtime/PathTracing/Shaders/LightmapValidityIntegration.urtshader' with importer (ScriptedImporter : Unity.Rendering.LightTransport.Editor:UnityEditor.Rendering.UnifiedRayTracing:UnifiedRTShaderImporter)
Imported 'GUID: ace95ac84e213794891b4bd7c9b3c158' -> (Import Result ID: 'a47f7bd2e7981c6fab612161d3b85de9') in 0.017 seconds [static and dynamic dependencies]. Details - ImportResultOutputID=3ae1206fc069613217dbd0eb5ba7fc8f DependenciesID=6a894c0a78a9197941bbea6c9ddd5cc8 StaticDependenciesID=af3a8789fbe725883be9c99ebb7cf5e2 
Importing 'GUID: 5ecdabd800f05984696f22ba95284516 - Path: Packages/com.unity.render-pipelines.core/Runtime/PathTracing/Shaders/ProbeIntegrationIndirect.urtshader' with importer (ScriptedImporter : Unity.Rendering.LightTransport.Editor:UnityEditor.Rendering.UnifiedRayTracing:UnifiedRTShaderImporter)
Imported 'GUID: 5ecdabd800f05984696f22ba95284516' -> (Import Result ID: '76c5c1f65c03ebccabb4ae2a0a9e9056') in 0.020 seconds [static and dynamic dependencies]. Details - ImportResultOutputID=0cd071ba21750310309687e2e6faf711 DependenciesID=afa4b4aa26e174c35d6c047abc4620df StaticDependenciesID=1ad901001e2e557153e1de5753d25220 
Importing 'GUID: 6e0b547bab30a804c8123974120d583f - Path: Packages/com.unity.render-pipelines.core/Tests/Runtime/PathTracing/PathIteratorTest.urtshader' with importer (ScriptedImporter : Unity.Rendering.LightTransport.Editor:UnityEditor.Rendering.UnifiedRayTracing:UnifiedRTShaderImporter)
Imported 'GUID: 6e0b547bab30a804c8123974120d583f' -> (Import Result ID: '42152169f9cdc4a1514d4d774859855a') in 0.017 seconds [static and dynamic dependencies]. Details - ImportResultOutputID=086a95f7c3606a02577127e2b9602118 DependenciesID=2bb30cba0ee49dde42d16545327c698b StaticDependenciesID=e24ea404bb4dabe55ffbcaa7b840b299 
Importing 'GUID: de3013e16d99f2746ab1735ec06a660b - Path: Packages/com.unity.render-pipelines.core/Runtime/PathTracing/Shaders/ProbeIntegrationOcclusion.urtshader' with importer (ScriptedImporter : Unity.Rendering.LightTransport.Editor:UnityEditor.Rendering.UnifiedRayTracing:UnifiedRTShaderImporter)
Imported 'GUID: de3013e16d99f2746ab1735ec06a660b' -> (Import Result ID: '0e7ff0f1c8b743e1e2d2438aa28fa09b') in 0.017 seconds [static and dynamic dependencies]. Details - ImportResultOutputID=5431259a379bcf64dcdf9e541067393a DependenciesID=aed262953c5775e55d5320e4ad562296 StaticDependenciesID=d23a0c4a2896e547ad436f2fd232bb27 
Importing 'GUID: fe7f1a959d1d3f544a208b7e8805e6cd - Path: Packages/com.unity.render-pipelines.core/Runtime/PathTracing/Shaders/ProbeIntegrationDirectDirectionalAndEnvironment.urtshader' with importer (ScriptedImporter : Unity.Rendering.LightTransport.Editor:UnityEditor.Rendering.UnifiedRayTracing:UnifiedRTShaderImporter)
Imported 'GUID: fe7f1a959d1d3f544a208b7e8805e6cd' -> (Import Result ID: '98fc21930c7e188785bf10855f664c6a') in 0.015 seconds [static and dynamic dependencies]. Details - ImportResultOutputID=5f2959446ead2aacf8b970382e7ece89 DependenciesID=a8fb717f0453ca3db2beaad9bfa76f48 StaticDependenciesID=b8525778ccd6bf87644fae631483c773 
Importing 'GUID: 1f9bfe60b4ad75943a5281839c1a4e5c - Path: Packages/com.unity.render-pipelines.core/Runtime/PathTracing/Shaders/ProbeIntegrationDirectStochasticLight.urtshader' with importer (ScriptedImporter : Unity.Rendering.LightTransport.Editor:UnityEditor.Rendering.UnifiedRayTracing:UnifiedRTShaderImporter)
Imported 'GUID: 1f9bfe60b4ad75943a5281839c1a4e5c' -> (Import Result ID: '8651fe6333c0208fb1916808c63204f8') in 0.017 seconds [static and dynamic dependencies]. Details - ImportResultOutputID=8a2316c163eb8dd7ca3865c892ee0d57 DependenciesID=d8946cc38af73467dc4b7be7840a7675 StaticDependenciesID=bb23e9aed0fe8778db1283cad6c57003 
Importing 'GUID: ff2cbab5da58bf04d82c5f34037ed123 - Path: Packages/com.unity.render-pipelines.core/Editor/Lighting/ProbeVolume/VirtualOffset/TraceVirtualOffset.urtshader' with importer (ScriptedImporter : Unity.Rendering.LightTransport.Editor:UnityEditor.Rendering.UnifiedRayTracing:UnifiedRTShaderImporter)
Imported 'GUID: ff2cbab5da58bf04d82c5f34037ed123' -> (Import Result ID: 'f5f465a9e734854c3f19c637b518f424') in 0.016 seconds [static and dynamic dependencies]. Details - ImportResultOutputID=1aa97657b664660cbf205eb7f31fa55d DependenciesID=1ca4824a0e64ab43a7ceb3914f1cf1fd StaticDependenciesID=577fb2ca56f9c9cef1dba593cc7f61b6 
Refreshing native plugins compatible for Editor in 7.31 ms, found 5 plugins.

Asset Pipeline Refresh (id=18298fe022708454082c4562150ea23c): Total: 30.191 seconds - Initiated by InitialRefreshV2(ForceSynchronousImport)
	(Values over 0.05ms)
	Summary:
		Imports: total=22 (actual=22, local cache=0, cache server=0)
		Asset DB Process Time: managed=6 ms, native=7420 ms
		Asset DB Callback time: managed=1606 ms, native=636 ms
		Scripting: domain reloads=1, domain reload time=3631 ms, compile time=16594 ms, other=293 ms
		Project Asset Count: scripts=2778, non-scripts=5698
		Asset File Changes: new=0, changed=0, moved=0, deleted=4
		Scan Filter Count: 0
	InvokePackagesCallback: 110.100ms
	ApplyChangesToAssetFolders: 1.437ms
	Scan: 604.276ms
	Collect global state as custom dependencies: 39.820ms
	OnSourceAssetsModified: 2.128ms
	CategorizeScriptCompilationAssets: 269.671ms
	ProcessAssetsWithTransientArtifactChanges: 314.106ms
	CategorizeAssets: 174.179ms
	CompileScripts: 16594.468ms
	ImportOutOfDateAssets: 5474.580ms (4863.234ms without children)
		ImportManagerImport: 585.661ms (4.263ms without children)
			UpdateCategorizedAssets: 2.881ms
		ReloadNativeAssets: 0.304ms
		UnloadImportedAssets: 3.579ms
		ReloadImportedAssets: 2.072ms
		EnsureUptoDateAssetsAreRegisteredWithGuidPM: 2.676ms
		ImportSchedulerStart: 19.100ms
	PostProcessAllAssets: 2116.829ms
		VCAutoAddAssetPostprocess 315.629ms
		ComputeShaderImportPostprocess 110.177ms
		RaytracingShaderImportPostprocess 79.926ms
		XRBuildSystem.XRAssetImported 3.497ms
		Canvas.OnAllAssetImport 0.460ms
		WindowTitlePostprocess 0.176ms
		AssemblyValidation.PostprocessAllAssets 0.114ms
		PostProcessCallbackCreateDeferredMaterials 0.098ms
		ShaderAssetModifiedCallback 0.090ms
		LocalizationDatabase.AssetDatabasePostprocessCallback 0.066ms
		MonoPostProcessAllAssets: 1602.701ms
			SyncVS.PostprocessSyncProject 599.361ms
			AssetPostprocessorProxy.OnPostprocessAllAssets 72.465ms
			AssetPostprocessor.OnPostprocessAllAssets 60.975ms
			AssetReferenceReimportMonitor.OnPostprocessAllAssets 58.659ms
			StyleCatalogPostProcessor.OnPostprocessAllAssets 50.426ms
			UniversalRenderPipelineGlobalSettingsPostprocessor.OnPostprocessAllAssets 36.259ms
			NetworkPrefabProcessor.OnPostprocessAllAssets 22.590ms
			BuilderAssetPostprocessor.OnPostprocessAllAssets 11.610ms
			ShaderGraphAssetPostProcessor.OnPostprocessAllAssets 4.853ms
			SpriteSlicePostprocessor.OnPostprocessAllAssets 4.803ms
			GraphRefreshPostprocessor.OnPostprocessAllAssets 4.418ms
			SpeedTree9Postprocessor.OnPostprocessAllAssets 4.259ms
			WindowAssetPostprocessingWatcher.OnPostprocessAllAssets 3.816ms
			EditModeScopePostprocessor.OnPostprocessAllAssets 3.506ms
			AssetChangedListener.OnPostprocessAllAssets 3.133ms
			RetainedModeAssetPostprocessor.OnPostprocessAllAssets 2.335ms
			AssetChangeDetector.OnPostprocessAllAssets 1.977ms
			MaterialPostprocessor.OnPostprocessAllAssets 1.591ms
			RenderPipelineGlobalSettingsPostprocessor.OnPostprocessAllAssets 1.368ms
			ShaderReflectionAssetPostProcessor.OnPostprocessAllAssets 1.224ms
			SpriteEditorTexturePostprocessor.OnPostprocessAllAssets 1.002ms
			ArtifactBrowserPostProcessor.OnPostprocessAllAssets 0.936ms
			InputActionAssetPostprocessor.OnPostprocessAllAssets 0.929ms
			PostProcessor.OnPostprocessAllAssets 0.911ms
			SkillsProjectAssetPostprocessor.OnPostprocessAllAssets 0.856ms
			TextAssetPostProcessor.OnPostprocessAllAssets 0.833ms
			InputActionJsonNameModifierAssetProcessor.OnPostprocessAllAssets 0.801ms
			TMPro_TexturePostProcessor.OnPostprocessAllAssets 0.798ms
			UVCSAssetPostprocessor.OnPostprocessAllAssets 0.761ms
			ModelAssetProcessor.OnPostprocessAllAssets 0.651ms
			AudioMixerPostprocessor.OnPostprocessAllAssets 0.575ms
			ReferencedClipsPostProcessor.OnPostprocessAllAssets 0.528ms
			AssetEvents.OnPostprocessAllAssets 0.487ms
			TerrainToolbarOverlayPostProcessor.OnPostprocessAllAssets 0.466ms
			ScenarioDriftAssetsTracker.OnPostprocessAllAssets 0.379ms
			ConfigAssetsTracker.OnPostprocessAllAssets 0.357ms
			AssetDatabaseCallbacks.OnPostprocessAllAssets 0.330ms
			SpeedTreePostProcessor.OnPostprocessAllAssets 0.322ms
			ThemePostprocessor.OnPostprocessAllAssets 0.317ms
			ProjectSettingsPostprocessor.OnPostprocessAllAssets 0.303ms
			SamplePostprocessor.OnPostprocessAllAssets 0.290ms
			TrackSelectedAssetsProcessor.OnPostprocessAllAssets 0.257ms
			AssetReloadNotifier.OnPostprocessAllAssets 0.231ms
			AudioContainerPostProcessor.OnPostprocessAllAssets 0.149ms
	PostAssetChangesProfiler: 17.322ms
	UnloadStreamsBegin: 3.189ms
	PersistCurrentRevisions: 0.702ms
	GenerateScriptTypeHashes: 5.276ms
	GenerateScriptTypeSerializationHashes: 8.671ms
	Untracked: 4460.204ms

Application.AssetDatabase Initial Refresh End
Shader Hidden/ChartRasterizerHardware is not supported: GPU does not support conservative rasterization
Shader Hidden/ChartRasterizerHardware is not supported: GPU does not support conservative rasterization
Scanning for USB devices : 5.039ms
Initializing Unity extensions:
[MODES] ModeService[none].Initialize
[MODES] ModeService[none].LoadModes
[MODES] Loading mode Default (0) for mode-current-id-Pit Striker
Unloading 215 Unused Serialized files (Serialized files now loaded: 0)
Unloading 12772 unused Assets / (13.0 MB). Loaded Objects now: 13512.
Memory consumption went from 0.60 GB to 0.59 GB.
Total: 45.032900 ms (FindLiveObjects: 2.386800 ms CreateObjectMapping: 2.271300 ms MarkObjects: 30.267000 ms  DeleteObjects: 9.426800 ms)

<color=#00FFAA><b>[BUILD APK]</b> Initiating Android APK build process...</color>
UnityEngine.Debug:ExtractStackTraceNoAlloc (byte*,int,string)
UnityEngine.StackTraceUtility:ExtractStackTrace ()
UnityEngine.DebugLogHandler:Internal_Log (UnityEngine.LogType,UnityEngine.LogOption,string,UnityEngine.Object)
UnityEngine.DebugLogHandler:LogFormat (UnityEngine.LogType,UnityEngine.Object,string,object[])
UnityEngine.Logger:Log (UnityEngine.LogType,object)
UnityEngine.Debug:Log (object)
PitStriker.EditorTools.BuildAPK:BuildAndroidPlayer () (at Assets/_Project/Scripts/Core/Editor/BuildAPK.cs:73)
PitStriker.EditorTools.BuildAPK:BuildAndroidPlayerBatch () (at Assets/_Project/Scripts/Core/Editor/BuildAPK.cs:282)

(Filename: Assets/_Project/Scripts/Core/Editor/BuildAPK.cs Line: 73)

Opening scene 'Assets/_Project/Scenes/SC_Village_Graphics_Test.unity'
Worker ready: AssetImportWorkerHW0 0
Unloading 5 Unused Serialized files (Serialized files now loaded: 0)
Loaded scene 'Assets/_Project/Scenes/SC_Village_Graphics_Test.unity'
	Deserialize:            1949.497 ms
	Integration:            128.376 ms
	Integration of assets:  1.143 ms
	Thread Wait Time:       -0.960 ms
	Total Operation Time:   2078.055 ms
Unloading 5 unused Assets / (59.7 KB). Loaded Objects now: 14497.
Memory consumption went from 0.67 GB to 0.67 GB.
Total: 38.717700 ms (FindLiveObjects: 1.464300 ms CreateObjectMapping: 1.083200 ms MarkObjects: 35.437900 ms  DeleteObjects: 0.191500 ms)

<color=#00FFAA><b>[BUILD APK]</b> Target production village scene: Assets/_Project/Scenes/SC_Village_Graphics_Test.unity</color>
UnityEngine.Debug:ExtractStackTraceNoAlloc (byte*,int,string)
UnityEngine.StackTraceUtility:ExtractStackTrace ()
UnityEngine.DebugLogHandler:Internal_Log (UnityEngine.LogType,UnityEngine.LogOption,string,UnityEngine.Object)
UnityEngine.DebugLogHandler:LogFormat (UnityEngine.LogType,UnityEngine.Object,string,object[])
UnityEngine.Logger:Log (UnityEngine.LogType,object)
UnityEngine.Debug:Log (object)
PitStriker.EditorTools.BuildAPK:BuildAndroidPlayer () (at Assets/_Project/Scripts/Core/Editor/BuildAPK.cs:82)
PitStriker.EditorTools.BuildAPK:BuildAndroidPlayerBatch () (at Assets/_Project/Scripts/Core/Editor/BuildAPK.cs:282)

(Filename: Assets/_Project/Scripts/Core/Editor/BuildAPK.cs Line: 82)

Importing 'GUID: 00000000000000004000000000000000 - Path: ProjectSettings/ProjectSettings.asset' with importer (LibraryAssetImporter)
Imported 'GUID: 00000000000000004000000000000000' -> (Import Result ID: '148836ae30dc1e07e766c333412fe65e') in 0.004 seconds [static dependencies only]. Details - ImportResultOutputID=054c890a8f4b6dddbea933bc5e4b7df4 DependenciesID=8a641a41662b6d7c63ea630aa15c4e56 StaticDependenciesID=866cc1e420afb3a4e9fa0ce80b536b3b 
Importing 'GUID: 0000000000000000b000000000000000 - Path: ProjectSettings/EditorBuildSettings.asset' with importer (LibraryAssetImporter)
Imported 'GUID: 0000000000000000b000000000000000' -> (Import Result ID: '657986cfe3caa28a69261996edb83097') in 0.001 seconds [static dependencies only]. Details - ImportResultOutputID=0a89a5c5f492143e0fa186859e17ba6f DependenciesID=18f928a910bcf3a14590d2badad8e5b1 StaticDependenciesID=764e4418623e6b958bc9f0fb52b6f970 
Importing 'GUID: 00000000000000006100000000000000 - Path: ProjectSettings/GraphicsSettings.asset' with importer (LibraryAssetImporter)
Imported 'GUID: 00000000000000006100000000000000' -> (Import Result ID: '2e855ec7aca578dc2a0a586f16ba16b4') in 0.002 seconds [static dependencies only]. Details - ImportResultOutputID=a2dcdb8bc9503711bc0f2e2d72cfd36c DependenciesID=d0ab11be53bb4e789cdb1866f128641d StaticDependenciesID=c0094f63e36d98aa1ddedaad4875bb99 
Refreshing native plugins compatible for Editor in 6.79 ms, found 5 plugins.
Asset Pipeline Refresh (id=3557845715e480447a83f08ec26024d6): Total: 0.209 seconds - Initiated by StopAssetImportingV2(NoUpdateAssetOptions)
<color=#00FFAA><b>[BUILD APK]</b> Verified RenderPipelineAsset: Mobile_RPAsset across GraphicsSettings and all 1 quality levels.</color>
UnityEngine.Debug:ExtractStackTraceNoAlloc (byte*,int,string)
UnityEngine.StackTraceUtility:ExtractStackTrace ()
UnityEngine.DebugLogHandler:Internal_Log (UnityEngine.LogType,UnityEngine.LogOption,string,UnityEngine.Object)
UnityEngine.DebugLogHandler:LogFormat (UnityEngine.LogType,UnityEngine.Object,string,object[])
UnityEngine.Logger:Log (UnityEngine.LogType,object)
UnityEngine.Debug:Log (object)
PitStriker.EditorTools.BuildAPK:BuildAndroidPlayer () (at Assets/_Project/Scripts/Core/Editor/BuildAPK.cs:133)
PitStriker.EditorTools.BuildAPK:BuildAndroidPlayerBatch () (at Assets/_Project/Scripts/Core/Editor/BuildAPK.cs:282)

(Filename: Assets/_Project/Scripts/Core/Editor/BuildAPK.cs Line: 133)

[BUILD APK] Custom keystore not found at C:\Users\Tisan\Documents\Xtinex\goti_striker\goti_striker\..\Keystore\pitstriker.keystore. Falling back to Unity debug signing - this APK is NOT release-signed. Set ANDROID_KEYSTORE_PATH / ANDROID_KEYSTORE_PASS / ANDROID_KEYALIAS_NAME / ANDROID_KEYALIAS_PASS to produce a release build.
UnityEngine.Debug:ExtractStackTraceNoAlloc (byte*,int,string)
UnityEngine.StackTraceUtility:ExtractStackTrace ()
UnityEngine.DebugLogHandler:Internal_Log (UnityEngine.LogType,UnityEngine.LogOption,string,UnityEngine.Object)
UnityEngine.DebugLogHandler:LogFormat (UnityEngine.LogType,UnityEngine.Object,string,object[])
UnityEngine.Logger:Log (UnityEngine.LogType,object)
UnityEngine.Debug:LogWarning (object)
PitStriker.EditorTools.BuildAPK:BuildAndroidPlayer () (at Assets/_Project/Scripts/Core/Editor/BuildAPK.cs:171)
PitStriker.EditorTools.BuildAPK:BuildAndroidPlayerBatch () (at Assets/_Project/Scripts/Core/Editor/BuildAPK.cs:282)

(Filename: Assets/_Project/Scripts/Core/Editor/BuildAPK.cs Line: 171)

<color=#00FFAA><b>[BUILD APK]</b> Building scenes (1): Assets/_Project/Scenes/SC_Village_Graphics_Test.unity</color>
UnityEngine.Debug:ExtractStackTraceNoAlloc (byte*,int,string)
UnityEngine.StackTraceUtility:ExtractStackTrace ()
UnityEngine.DebugLogHandler:Internal_Log (UnityEngine.LogType,UnityEngine.LogOption,string,UnityEngine.Object)
UnityEngine.DebugLogHandler:LogFormat (UnityEngine.LogType,UnityEngine.Object,string,object[])
UnityEngine.Logger:Log (UnityEngine.LogType,object)
UnityEngine.Debug:Log (object)
PitStriker.EditorTools.BuildAPK:BuildAndroidPlayer () (at Assets/_Project/Scripts/Core/Editor/BuildAPK.cs:185)
PitStriker.EditorTools.BuildAPK:BuildAndroidPlayerBatch () (at Assets/_Project/Scripts/Core/Editor/BuildAPK.cs:282)

(Filename: Assets/_Project/Scripts/Core/Editor/BuildAPK.cs Line: 185)

<color=#00FFAA><b>[BUILD APK]</b> Target APK Output: C:\Users\Tisan\Documents\Xtinex\goti_striker\goti_striker\../Builds/Android\PitStriker.apk</color>
UnityEngine.Debug:ExtractStackTraceNoAlloc (byte*,int,string)
UnityEngine.StackTraceUtility:ExtractStackTrace ()
UnityEngine.DebugLogHandler:Internal_Log (UnityEngine.LogType,UnityEngine.LogOption,string,UnityEngine.Object)
UnityEngine.DebugLogHandler:LogFormat (UnityEngine.LogType,UnityEngine.Object,string,object[])
UnityEngine.Logger:Log (UnityEngine.LogType,object)
UnityEngine.Debug:Log (object)
PitStriker.EditorTools.BuildAPK:BuildAndroidPlayer () (at Assets/_Project/Scripts/Core/Editor/BuildAPK.cs:186)
PitStriker.EditorTools.BuildAPK:BuildAndroidPlayerBatch () (at Assets/_Project/Scripts/Core/Editor/BuildAPK.cs:282)

(Filename: Assets/_Project/Scripts/Core/Editor/BuildAPK.cs Line: 186)

<color=#00FFAA><b>[BUILD APK]</b> Executing build...</color>
UnityEngine.Debug:ExtractStackTraceNoAlloc (byte*,int,string)
UnityEngine.StackTraceUtility:ExtractStackTrace ()
UnityEngine.DebugLogHandler:Internal_Log (UnityEngine.LogType,UnityEngine.LogOption,string,UnityEngine.Object)
UnityEngine.DebugLogHandler:LogFormat (UnityEngine.LogType,UnityEngine.Object,string,object[])
UnityEngine.Logger:Log (UnityEngine.LogType,object)
UnityEngine.Debug:Log (object)
PitStriker.EditorTools.BuildAPK:BuildAndroidPlayer () (at Assets/_Project/Scripts/Core/Editor/BuildAPK.cs:207)
PitStriker.EditorTools.BuildAPK:BuildAndroidPlayerBatch () (at Assets/_Project/Scripts/Core/Editor/BuildAPK.cs:282)

(Filename: Assets/_Project/Scripts/Core/Editor/BuildAPK.cs Line: 207)

Importing 'GUID: 5e6cbd92db86f4b18aec3ed561671858 - Path: Assets/Settings/Mobile_RPAsset.asset' with importer (NativeFormatImporter)
Imported 'GUID: 5e6cbd92db86f4b18aec3ed561671858' -> (Import Result ID: '0c744bd8829853142b03812b7ef1f0d7') in 0.003 seconds [static dependencies only]. Details - ImportResultOutputID=87c79727be4dab5ed51d3da607f590f1 DependenciesID=650b54a178e43cf03a67fd349e8651a6 StaticDependenciesID=38cdfb57e344a27788902f42858d84d7 
Refreshing native plugins compatible for Editor in 8.35 ms, found 5 plugins.
Asset Pipeline Refresh (id=b31751b7a81ceab4db08f704d46e6e7a): Total: 0.049 seconds - Initiated by StopAssetImportingV2(NoUpdateAssetOptions)
1 URP assets included in build
- Mobile_RPAsset - Assets/Settings/Mobile_RPAsset.asset
	 - Mobile_Renderer - Assets/Settings/Mobile_Renderer.asset - UnityEngine.Rendering.Universal.UniversalRendererData
UnityEngine.Debug:ExtractStackTraceNoAlloc (byte*,int,string)
UnityEngine.StackTraceUtility:ExtractStackTrace ()
UnityEngine.DebugLogHandler:Internal_Log (UnityEngine.LogType,UnityEngine.LogOption,string,UnityEngine.Object)
UnityEngine.DebugLogHandler:LogFormat (UnityEngine.LogType,UnityEngine.Object,string,object[])
UnityEngine.Logger:Log (UnityEngine.LogType,object)
UnityEngine.Debug:Log (object)
UnityEditor.Rendering.Universal.URPPreprocessBuild:LogIncludedAssets (System.Collections.Generic.List`1<UnityEngine.Rendering.Universal.UniversalRenderPipelineAsset>) (at ./Library/PackageCache/com.unity.render-pipelines.universal@8457e85b8184/Editor/BuildProcessors/URPPreprocessBuild.cs:72)
UnityEditor.Rendering.Universal.URPPreprocessBuild:OnPreprocessBuild (UnityEditor.Build.Reporting.BuildReport) (at ./Library/PackageCache/com.unity.render-pipelines.universal@8457e85b8184/Editor/BuildProcessors/URPPreprocessBuild.cs:31)
UnityEditor.Build.BuildPipelineInterfaces/<>c__DisplayClass17_0:<OnBuildPreProcess>b__1 (UnityEditor.Build.IPreprocessBuildWithReport)
UnityEditor.Build.BuildPipelineInterfaces:InvokeCallbackInterfacesPair<UnityEditor.Build.IPreprocessBuild, UnityEditor.Build.IPreprocessBuildWithReport> (System.Collections.Generic.List`1<UnityEditor.Build.IPreprocessBuild>,System.Action`1<UnityEditor.Build.IPreprocessBuild>,System.Collections.Generic.List`1<UnityEditor.Build.IPreprocessBuildWithReport>,System.Action`1<UnityEditor.Build.IPreprocessBuildWithReport>,bool)
UnityEditor.Build.BuildPipelineInterfaces:OnBuildPreProcess (UnityEditor.Build.Reporting.BuildReport)
UnityEditor.BuildPipeline:BuildPlayerInternal (string[],string,string,UnityEditor.BuildTargetGroup,UnityEditor.BuildTarget,int,UnityEditor.BuildOptions,string[],string[],bool)
UnityEditor.BuildPipeline:BuildPlayer (UnityEditor.BuildPlayerOptions)
PitStriker.EditorTools.BuildAPK:BuildAndroidPlayer () (at Assets/_Project/Scripts/Core/Editor/BuildAPK.cs:208)
PitStriker.EditorTools.BuildAPK:BuildAndroidPlayerBatch () (at Assets/_Project/Scripts/Core/Editor/BuildAPK.cs:282)

(Filename: ./Library/PackageCache/com.unity.render-pipelines.universal@8457e85b8184/Editor/BuildProcessors/URPPreprocessBuild.cs Line: 72)

[ServicesCore]: To use Unity's dashboard services, you need to link your Unity project to a project ID. To do this, go to Project Settings to select your organization, select your project and then link a project ID. You also need to make sure your organization has access to the required products. Visit https://dashboard.unity3d.com to sign up.
UnityEngine.Debug:ExtractStackTraceNoAlloc (byte*,int,string)
UnityEngine.StackTraceUtility:ExtractStackTrace ()
UnityEngine.DebugLogHandler:Internal_Log (UnityEngine.LogType,UnityEngine.LogOption,string,UnityEngine.Object)
UnityEngine.DebugLogHandler:LogFormat (UnityEngine.LogType,UnityEngine.Object,string,object[])
UnityEngine.Logger:LogWarning (string,object)
Unity.Services.Core.Internal.CoreLogger:LogWarning (object) (at ./Library/PackageCache/com.unity.services.core@3464cb68d709/Runtime/Core.Internal/Logging/CoreLogger.cs:15)
Unity.Services.Core.Editor.ProjectUnlinkBuildWarning:OnPreprocessBuild (UnityEditor.Build.Reporting.BuildReport) (at ./Library/PackageCache/com.unity.services.core@3464cb68d709/Editor/Core/Build/ProjectUnlinkBuildWarning.cs:29)
UnityEditor.Build.BuildPipelineInterfaces/<>c__DisplayClass17_0:<OnBuildPreProcess>b__1 (UnityEditor.Build.IPreprocessBuildWithReport)
UnityEditor.Build.BuildPipelineInterfaces:InvokeCallbackInterfacesPair<UnityEditor.Build.IPreprocessBuild, UnityEditor.Build.IPreprocessBuildWithReport> (System.Collections.Generic.List`1<UnityEditor.Build.IPreprocessBuild>,System.Action`1<UnityEditor.Build.IPreprocessBuild>,System.Collections.Generic.List`1<UnityEditor.Build.IPreprocessBuildWithReport>,System.Action`1<UnityEditor.Build.IPreprocessBuildWithReport>,bool)
UnityEditor.Build.BuildPipelineInterfaces:OnBuildPreProcess (UnityEditor.Build.Reporting.BuildReport)
UnityEditor.BuildPipeline:BuildPlayerInternal (string[],string,string,UnityEditor.BuildTargetGroup,UnityEditor.BuildTarget,int,UnityEditor.BuildOptions,string[],string[],bool)
UnityEditor.BuildPipeline:BuildPlayer (UnityEditor.BuildPlayerOptions)
PitStriker.EditorTools.BuildAPK:BuildAndroidPlayer () (at Assets/_Project/Scripts/Core/Editor/BuildAPK.cs:208)
PitStriker.EditorTools.BuildAPK:BuildAndroidPlayerBatch () (at Assets/_Project/Scripts/Core/Editor/BuildAPK.cs:282)

(Filename: ./Library/PackageCache/com.unity.services.core@3464cb68d709/Editor/Core/Build/ProjectUnlinkBuildWarning.cs Line: 29)

[TestRunBuilder] Creating new file 'Assets/Resources/PerformanceTestRunInfo.json' (3680 bytes)
UnityEngine.Debug:ExtractStackTraceNoAlloc (byte*,int,string)
UnityEngine.StackTraceUtility:ExtractStackTrace ()
UnityEngine.DebugLogHandler:Internal_Log (UnityEngine.LogType,UnityEngine.LogOption,string,UnityEngine.Object)
UnityEngine.DebugLogHandler:LogFormat (UnityEngine.LogType,UnityEngine.Object,string,object[])
UnityEngine.Logger:Log (UnityEngine.LogType,object)
UnityEngine.Debug:Log (object)
Unity.PerformanceTesting.Editor.TestRunBuilder:SaveToStorage (object,string) (at ./Library/PackageCache/com.unity.test-framework.performance@0a60b857a52e/Editor/TestRunBuilder.cs:242)
Unity.PerformanceTesting.Editor.TestRunBuilder:OnPreprocessBuild (UnityEditor.Build.Reporting.BuildReport) (at ./Library/PackageCache/com.unity.test-framework.performance@0a60b857a52e/Editor/TestRunBuilder.cs:35)
UnityEditor.Build.BuildPipelineInterfaces/<>c__DisplayClass17_0:<OnBuildPreProcess>b__1 (UnityEditor.Build.IPreprocessBuildWithReport)
UnityEditor.Build.BuildPipelineInterfaces:InvokeCallbackInterfacesPair<UnityEditor.Build.IPreprocessBuild, UnityEditor.Build.IPreprocessBuildWithReport> (System.Collections.Generic.List`1<UnityEditor.Build.IPreprocessBuild>,System.Action`1<UnityEditor.Build.IPreprocessBuild>,System.Collections.Generic.List`1<UnityEditor.Build.IPreprocessBuildWithReport>,System.Action`1<UnityEditor.Build.IPreprocessBuildWithReport>,bool)
UnityEditor.Build.BuildPipelineInterfaces:OnBuildPreProcess (UnityEditor.Build.Reporting.BuildReport)
UnityEditor.BuildPipeline:BuildPlayerInternal (string[],string,string,UnityEditor.BuildTargetGroup,UnityEditor.BuildTarget,int,UnityEditor.BuildOptions,string[],string[],bool)
UnityEditor.BuildPipeline:BuildPlayer (UnityEditor.BuildPlayerOptions)
PitStriker.EditorTools.BuildAPK:BuildAndroidPlayer () (at Assets/_Project/Scripts/Core/Editor/BuildAPK.cs:208)
PitStriker.EditorTools.BuildAPK:BuildAndroidPlayerBatch () (at Assets/_Project/Scripts/Core/Editor/BuildAPK.cs:282)

(Filename: ./Library/PackageCache/com.unity.test-framework.performance@0a60b857a52e/Editor/TestRunBuilder.cs Line: 242)

[TestRunBuilder] Creating new file 'Assets/Resources/PerformanceTestRunSettings.json' (23 bytes)
UnityEngine.Debug:ExtractStackTraceNoAlloc (byte*,int,string)
UnityEngine.StackTraceUtility:ExtractStackTrace ()
UnityEngine.DebugLogHandler:Internal_Log (UnityEngine.LogType,UnityEngine.LogOption,string,UnityEngine.Object)
UnityEngine.DebugLogHandler:LogFormat (UnityEngine.LogType,UnityEngine.Object,string,object[])
UnityEngine.Logger:Log (UnityEngine.LogType,object)
UnityEngine.Debug:Log (object)
Unity.PerformanceTesting.Editor.TestRunBuilder:SaveToStorage (object,string) (at ./Library/PackageCache/com.unity.test-framework.performance@0a60b857a52e/Editor/TestRunBuilder.cs:242)
Unity.PerformanceTesting.Editor.TestRunBuilder:OnPreprocessBuild (UnityEditor.Build.Reporting.BuildReport) (at ./Library/PackageCache/com.unity.test-framework.performance@0a60b857a52e/Editor/TestRunBuilder.cs:38)
UnityEditor.Build.BuildPipelineInterfaces/<>c__DisplayClass17_0:<OnBuildPreProcess>b__1 (UnityEditor.Build.IPreprocessBuildWithReport)
UnityEditor.Build.BuildPipelineInterfaces:InvokeCallbackInterfacesPair<UnityEditor.Build.IPreprocessBuild, UnityEditor.Build.IPreprocessBuildWithReport> (System.Collections.Generic.List`1<UnityEditor.Build.IPreprocessBuild>,System.Action`1<UnityEditor.Build.IPreprocessBuild>,System.Collections.Generic.List`1<UnityEditor.Build.IPreprocessBuildWithReport>,System.Action`1<UnityEditor.Build.IPreprocessBuildWithReport>,bool)
UnityEditor.Build.BuildPipelineInterfaces:OnBuildPreProcess (UnityEditor.Build.Reporting.BuildReport)
UnityEditor.BuildPipeline:BuildPlayerInternal (string[],string,string,UnityEditor.BuildTargetGroup,UnityEditor.BuildTarget,int,UnityEditor.BuildOptions,string[],string[],bool)
UnityEditor.BuildPipeline:BuildPlayer (UnityEditor.BuildPlayerOptions)
PitStriker.EditorTools.BuildAPK:BuildAndroidPlayer () (at Assets/_Project/Scripts/Core/Editor/BuildAPK.cs:208)
PitStriker.EditorTools.BuildAPK:BuildAndroidPlayerBatch () (at Assets/_Project/Scripts/Core/Editor/BuildAPK.cs:282)

(Filename: ./Library/PackageCache/com.unity.test-framework.performance@0a60b857a52e/Editor/TestRunBuilder.cs Line: 242)

Importing 'GUID: 5e6cbd92db86f4b18aec3ed561671858 - Path: Assets/Settings/Mobile_RPAsset.asset' with importer (NativeFormatImporter)
Imported 'GUID: 5e6cbd92db86f4b18aec3ed561671858' -> (Import Result ID: '0c744bd8829853142b03812b7ef1f0d7') in 0.002 seconds [static dependencies only]. Details - ImportResultOutputID=87c79727be4dab5ed51d3da607f590f1 DependenciesID=650b54a178e43cf03a67fd349e8651a6 StaticDependenciesID=38cdfb57e344a27788902f42858d84d7 
Refreshing native plugins compatible for Editor in 10.70 ms, found 5 plugins.
Asset Pipeline Refresh (id=c7e1aca6a1be3774ca11f6d258dcecd9): Total: 0.055 seconds - Initiated by StopAssetImportingV2(NoUpdateAssetOptions)
Importing 'GUID: 00000000000000004000000000000000 - Path: ProjectSettings/ProjectSettings.asset' with importer (LibraryAssetImporter)
Imported 'GUID: 00000000000000004000000000000000' -> (Import Result ID: '148836ae30dc1e07e766c333412fe65e') in 0.002 seconds [static dependencies only]. Details - ImportResultOutputID=054c890a8f4b6dddbea933bc5e4b7df4 DependenciesID=8a641a41662b6d7c63ea630aa15c4e56 StaticDependenciesID=866cc1e420afb3a4e9fa0ce80b536b3b 
Importing 'GUID: 00000000000000006100000000000000 - Path: ProjectSettings/GraphicsSettings.asset' with importer (LibraryAssetImporter)
Imported 'GUID: 00000000000000006100000000000000' -> (Import Result ID: '2e855ec7aca578dc2a0a586f16ba16b4') in 0.001 seconds [static dependencies only]. Details - ImportResultOutputID=a2dcdb8bc9503711bc0f2e2d72cfd36c DependenciesID=d0ab11be53bb4e789cdb1866f128641d StaticDependenciesID=c0094f63e36d98aa1ddedaad4875bb99 
Importing 'GUID: 18dc0cd2c080841dea60987a38ce93fa - Path: Assets/Settings/UniversalRenderPipelineGlobalSettings.asset' with importer (NativeFormatImporter)
Imported 'GUID: 18dc0cd2c080841dea60987a38ce93fa' -> (Import Result ID: '2a6c3b98c0d22b8d74a3a739fb6f1cf0') in 0.002 seconds [static dependencies only]. Details - ImportResultOutputID=ac92a3253360087966dd104547753906 DependenciesID=d3b7d1e97fee2c3cbcf43504fbb2bfd7 StaticDependenciesID=2a270a0f44acdc0e81c0562e7a3ef162 
Refreshing native plugins compatible for Editor in 8.35 ms, found 5 plugins.
Asset Pipeline Refresh (id=cd4d7c82cec539c4a8adff0dd31be52d): Total: 0.063 seconds - Initiated by StopAssetImportingV2(NoUpdateAssetOptions)
Diagnostics Data is enabled, and it requires Debug Symbols to be either SymbolTable or Full to resolve stacktraces in crash reports. Consider selecting Full to receive fully-detailed crash reports.
UnityEngine.Debug:ExtractStackTraceNoAlloc (byte*,int,string)
UnityEngine.StackTraceUtility:ExtractStackTrace ()
UnityEngine.DebugLogHandler:Internal_Log (UnityEngine.LogType,UnityEngine.LogOption,string,UnityEngine.Object)
UnityEngine.DebugLogHandler:LogFormat (UnityEngine.LogType,UnityEngine.Object,string,object[])
UnityEngine.Logger:Log (UnityEngine.LogType,object)
UnityEngine.Debug:LogWarning (object)
UnityEditor.Android.PostProcessAndroidPlayer:SetupContextForPreBuild (UnityEditor.BuildOptions,UnityEditor.BuildTarget) (at /home/bokken/build/output/unity/unity/PlatformDependent/AndroidPlayer/Editor/Managed/PostProcessAndroidPlayer.cs:151)
UnityEditor.Android.PostProcessAndroidPlayer:PrepareForBuild (UnityEditor.BuildOptions,UnityEditor.BuildTarget) (at /home/bokken/build/output/unity/unity/PlatformDependent/AndroidPlayer/Editor/Managed/PostProcessAndroidPlayer.cs:49)
UnityEditor.Android.AndroidBuildPostprocessor:PrepareForBuild (UnityEditor.BuildPlayerOptions) (at /home/bokken/build/output/unity/unity/PlatformDependent/AndroidPlayer/Editor/Managed/AndroidBuildPostprocessor.cs:1130)
UnityEditor.PostprocessBuildPlayer:PrepareForBuild (intptr)
UnityEditor.BuildPipeline:BuildPlayerInternal (string[],string,string,UnityEditor.BuildTargetGroup,UnityEditor.BuildTarget,int,UnityEditor.BuildOptions,string[],string[],bool)
UnityEditor.BuildPipeline:BuildPlayer (UnityEditor.BuildPlayerOptions)
PitStriker.EditorTools.BuildAPK:BuildAndroidPlayer () (at Assets/_Project/Scripts/Core/Editor/BuildAPK.cs:208)
PitStriker.EditorTools.BuildAPK:BuildAndroidPlayerBatch () (at Assets/_Project/Scripts/Core/Editor/BuildAPK.cs:282)

(Filename: /home/bokken/build/output/unity/unity/PlatformDependent/AndroidPlayer/Editor/Managed/PostProcessAndroidPlayer.cs Line: 151)

DisplayProgressbar: Checking prerequisites
Reporting tool paths:
 JDK: 'C:\Program Files\Unity\Hub\Editor\6000.6.0f1\Editor\Data\PlaybackEngines\AndroidPlayer\OpenJDK'
 Android SDK: 'C:\Program Files\Unity\Hub\Editor\6000.6.0f1\Editor\Data\PlaybackEngines\AndroidPlayer\SDK'
 Android NDK: 'C:\Program Files\Unity\Hub\Editor\6000.6.0f1\Editor\Data\PlaybackEngines\AndroidPlayer\NDK'
 Gradle: 'C:\Program Files\Unity\Hub\Editor\6000.6.0f1\Editor\Data\PlaybackEngines\AndroidPlayer\Tools\gradle' (Gradle Version: '9.1.0' Android Plugin Version: '9.0.0')
Android PostProcess task "Checking prerequisites" took 59.9484 ms
DisplayProgressbar: Detect Java Development Kit (JDK)
Android PostProcess task "Detect Java Development Kit (JDK)" took 9.7216 ms
DisplayProgressbar: Detecting Android SDK
Shut down.
